Archive member included to satisfy reference by file (symbol)

c:/nxp/mcuxpressoide_10.2.0_759/ide/tools/bin/../lib/gcc/arm-none-eabi/7.2.1/thumb/v6-m\libgcc.a(_udivsi3.o)
                              ./source/base64.o (__aeabi_uidiv)
c:/nxp/mcuxpressoide_10.2.0_759/ide/tools/bin/../lib/gcc/arm-none-eabi/7.2.1/thumb/v6-m\libgcc.a(_divsi3.o)
                              ./source/xxtea.o (__aeabi_idiv)
c:/nxp/mcuxpressoide_10.2.0_759/ide/tools/bin/../lib/gcc/arm-none-eabi/7.2.1/thumb/v6-m\libgcc.a(_dvmd_tls.o)
                              c:/nxp/mcuxpressoide_10.2.0_759/ide/tools/bin/../lib/gcc/arm-none-eabi/7.2.1/thumb/v6-m\libgcc.a(_udivsi3.o) (__aeabi_idiv0)
c:/nxp/mcuxpressoide_10.2.0_759/ide/tools/bin/../lib/gcc/arm-none-eabi/7.2.1/thumb/v6-m\libgcc.a(_arm_cmpdf2.o)
                              ./source/bme280.o (__aeabi_dcmpeq)
c:/nxp/mcuxpressoide_10.2.0_759/ide/tools/bin/../lib/gcc/arm-none-eabi/7.2.1/thumb/v6-m\libgcc.a(_arm_cmpsf2.o)
                              ./source/adxl343.o (__aeabi_fcmplt)
c:/nxp/mcuxpressoide_10.2.0_759/ide/tools/bin/../lib/gcc/arm-none-eabi/7.2.1/thumb/v6-m\libgcc.a(_aeabi_uldivmod.o)
                              ./source/pit.o (__aeabi_uldivmod)
c:/nxp/mcuxpressoide_10.2.0_759/ide/tools/bin/../lib/gcc/arm-none-eabi/7.2.1/thumb/v6-m\libgcc.a(_muldi3.o)
                              ./source/pit.o (__aeabi_lmul)
c:/nxp/mcuxpressoide_10.2.0_759/ide/tools/bin/../lib/gcc/arm-none-eabi/7.2.1/thumb/v6-m\libgcc.a(_udivmoddi4.o)
                              c:/nxp/mcuxpressoide_10.2.0_759/ide/tools/bin/../lib/gcc/arm-none-eabi/7.2.1/thumb/v6-m\libgcc.a(_aeabi_uldivmod.o) (__udivmoddi4)
c:/nxp/mcuxpressoide_10.2.0_759/ide/tools/bin/../lib/gcc/arm-none-eabi/7.2.1/thumb/v6-m\libgcc.a(addsf3.o)
                              ./source/adc.o (__aeabi_fadd)
c:/nxp/mcuxpressoide_10.2.0_759/ide/tools/bin/../lib/gcc/arm-none-eabi/7.2.1/thumb/v6-m\libgcc.a(divsf3.o)
                              ./source/adc.o (__aeabi_fdiv)
c:/nxp/mcuxpressoide_10.2.0_759/ide/tools/bin/../lib/gcc/arm-none-eabi/7.2.1/thumb/v6-m\libgcc.a(eqsf2.o)
                              c:/nxp/mcuxpressoide_10.2.0_759/ide/tools/bin/../lib/gcc/arm-none-eabi/7.2.1/thumb/v6-m\libgcc.a(_arm_cmpsf2.o) (__eqsf2)
c:/nxp/mcuxpressoide_10.2.0_759/ide/tools/bin/../lib/gcc/arm-none-eabi/7.2.1/thumb/v6-m\libgcc.a(gesf2.o)
                              c:/nxp/mcuxpressoide_10.2.0_759/ide/tools/bin/../lib/gcc/arm-none-eabi/7.2.1/thumb/v6-m\libgcc.a(_arm_cmpsf2.o) (__gesf2)
c:/nxp/mcuxpressoide_10.2.0_759/ide/tools/bin/../lib/gcc/arm-none-eabi/7.2.1/thumb/v6-m\libgcc.a(lesf2.o)
                              c:/nxp/mcuxpressoide_10.2.0_759/ide/tools/bin/../lib/gcc/arm-none-eabi/7.2.1/thumb/v6-m\libgcc.a(_arm_cmpsf2.o) (__lesf2)
c:/nxp/mcuxpressoide_10.2.0_759/ide/tools/bin/../lib/gcc/arm-none-eabi/7.2.1/thumb/v6-m\libgcc.a(mulsf3.o)
                              ./source/adc.o (__aeabi_fmul)
c:/nxp/mcuxpressoide_10.2.0_759/ide/tools/bin/../lib/gcc/arm-none-eabi/7.2.1/thumb/v6-m\libgcc.a(subsf3.o)
                              ./source/adc.o (__aeabi_fsub)
c:/nxp/mcuxpressoide_10.2.0_759/ide/tools/bin/../lib/gcc/arm-none-eabi/7.2.1/thumb/v6-m\libgcc.a(floatsisf.o)
                              ./source/adxl343.o (__aeabi_i2f)
c:/nxp/mcuxpressoide_10.2.0_759/ide/tools/bin/../lib/gcc/arm-none-eabi/7.2.1/thumb/v6-m\libgcc.a(floatunsisf.o)
                              ./source/adc.o (__aeabi_ui2f)
c:/nxp/mcuxpressoide_10.2.0_759/ide/tools/bin/../lib/gcc/arm-none-eabi/7.2.1/thumb/v6-m\libgcc.a(adddf3.o)
                              ./source/adxl343.o (__aeabi_dadd)
c:/nxp/mcuxpressoide_10.2.0_759/ide/tools/bin/../lib/gcc/arm-none-eabi/7.2.1/thumb/v6-m\libgcc.a(divdf3.o)
                              ./source/adxl343.o (__aeabi_ddiv)
c:/nxp/mcuxpressoide_10.2.0_759/ide/tools/bin/../lib/gcc/arm-none-eabi/7.2.1/thumb/v6-m\libgcc.a(eqdf2.o)
                              c:/nxp/mcuxpressoide_10.2.0_759/ide/tools/bin/../lib/gcc/arm-none-eabi/7.2.1/thumb/v6-m\libgcc.a(_arm_cmpdf2.o) (__eqdf2)
c:/nxp/mcuxpressoide_10.2.0_759/ide/tools/bin/../lib/gcc/arm-none-eabi/7.2.1/thumb/v6-m\libgcc.a(gedf2.o)
                              c:/nxp/mcuxpressoide_10.2.0_759/ide/tools/bin/../lib/gcc/arm-none-eabi/7.2.1/thumb/v6-m\libgcc.a(_arm_cmpdf2.o) (__gedf2)
c:/nxp/mcuxpressoide_10.2.0_759/ide/tools/bin/../lib/gcc/arm-none-eabi/7.2.1/thumb/v6-m\libgcc.a(ledf2.o)
                              c:/nxp/mcuxpressoide_10.2.0_759/ide/tools/bin/../lib/gcc/arm-none-eabi/7.2.1/thumb/v6-m\libgcc.a(_arm_cmpdf2.o) (__ledf2)
c:/nxp/mcuxpressoide_10.2.0_759/ide/tools/bin/../lib/gcc/arm-none-eabi/7.2.1/thumb/v6-m\libgcc.a(muldf3.o)
                              ./source/adc.o (__aeabi_dmul)
c:/nxp/mcuxpressoide_10.2.0_759/ide/tools/bin/../lib/gcc/arm-none-eabi/7.2.1/thumb/v6-m\libgcc.a(subdf3.o)
                              ./source/bme280.o (__aeabi_dsub)
c:/nxp/mcuxpressoide_10.2.0_759/ide/tools/bin/../lib/gcc/arm-none-eabi/7.2.1/thumb/v6-m\libgcc.a(fixdfsi.o)
[...]
Memory Configuration

Name             Origin             Length             Attributes
PROGRAM_FLASH    0x00000000         0x00010000         xr
SRAM             0x1ffff800         0x00002000         xrw
*default*        0x00000000         0xffffffff

Linker script and memory map

LOAD ./startup/startup_mkl16z4.o
LOAD ./source/adc.o
LOAD ./source/adxl343.o
LOAD ./source/application.o
LOAD ./source/base64.o
LOAD ./source/bme280.o
LOAD ./source/cli.o
LOAD ./source/cmp.o
LOAD ./source/gpio.o
LOAD ./source/hdc1080.o
LOAD ./source/main.o
LOAD ./source/mtb.o
LOAD ./source/packets.o
LOAD ./source/pit.o
LOAD ./source/semihost_hardfault.o
LOAD ./source/sim7000.o
LOAD ./source/sleep.o
LOAD ./source/xxtea.o
LOAD ./drivers/fsl_adc16.o
LOAD ./drivers/fsl_clock.o
LOAD ./drivers/fsl_cmp.o
LOAD ./drivers/fsl_common.o
LOAD ./drivers/fsl_flash.o
LOAD ./drivers/fsl_gpio.o
LOAD ./drivers/fsl_i2c.o
LOAD ./drivers/fsl_llwu.o
LOAD ./drivers/fsl_lpsci.o
LOAD ./drivers/fsl_pit.o
LOAD ./drivers/fsl_rtc.o
LOAD ./drivers/fsl_sim.o
LOAD ./drivers/fsl_smc.o
LOAD ./drivers/fsl_uart.o
LOAD ./board/board.o
LOAD ./board/clock_config.o
LOAD ./board/peripherals.o
LOAD ./board/pin_mux.o
LOAD ./CMSIS/system_MKL16Z4.o
START GROUP
LOAD c:/nxp/mcuxpressoide_10.2.0_759/ide/tools/bin/../lib/gcc/arm-none-eabi/7.2.1/thumb/v6-m\libgcc.a
LOAD c:/nxp/mcuxpressoide_10.2.0_759/ide/tools/bin/../lib/gcc/arm-none-eabi/7.2.1/../../../../arm-none-eabi/lib/thumb/v6-m\libc_nano.a
LOAD c:/nxp/mcuxpressoide_10.2.0_759/ide/tools/bin/../lib/gcc/arm-none-eabi/7.2.1/../../../../arm-none-eabi/lib/thumb/v6-m\libm.a
LOAD c:/nxp/mcuxpressoide_10.2.0_759/ide/tools/bin/../lib/gcc/arm-none-eabi/7.2.1/../../../../arm-none-eabi/lib/thumb/v6-m\libcr_newlib_nohost.a
END GROUP
                0x00000000                __base_PROGRAM_FLASH = 0x0
                0x00000000                __base_Flash = 0x0
                0x00010000                __top_PROGRAM_FLASH = 0x10000
                0x00010000                __top_Flash = 0x10000
                0x1ffff800                __base_SRAM = 0x1ffff800
                0x1ffff800                __base_RAM = 0x1ffff800
                0x20001800                __top_SRAM = 0x20001800
                0x20001800                __top_RAM = 0x20001800

.text           0x00000000    0x12dbc
 FILL mask 0xff
                0x00000000                __vectors_start__ = ABSOLUTE (.)
 *(.isr_vector)
 .isr_vector    0x00000000       0xc0 ./startup/startup_mkl16z4.o
                0x00000000                g_pfnVectors
                0x00000000                __Vectors
                0x000000c0                . = ALIGN (0x4)
                0x000000c0                __section_table_start = .
                0x000000c0                __data_section_table = .
                0x000000c0        0x4 LONG 0x12dc4 LOADADDR (.data)
                0x000000c4        0x4 LONG 0x1ffff880 ADDR (.data)
                0x000000c8        0x4 LONG 0x3c4 SIZEOF (.data)
                0x000000cc                __data_section_table_end = .
                0x000000cc                __bss_section_table = .
                0x000000cc        0x4 LONG 0x1ffffc48 ADDR (.bss)
                0x000000d0        0x4 LONG 0x1408 SIZEOF (.bss)
                0x000000d4                __bss_section_table_end = .
                0x000000d4                __section_table_end = .
 *(.after_vectors*)
 .after_vectors.init_data
                0x000000d4       0x16 ./startup/startup_mkl16z4.o
                0x000000d4                data_init
 .after_vectors.init_bss
                0x000000ea       0x12 ./startup/startup_mkl16z4.o
                0x000000ea                bss_init
 .after_vectors.reset
                0x000000fc       0x4c ./startup/startup_mkl16z4.o
                0x000000fc                ResetISR
 .after_vectors
                0x00000148      0x10c ./startup/startup_mkl16z4.o
                0x00000148                NMI_Handler
                0x0000014c                SVC_Handler
                0x0000014e                PendSV_Handler
                0x00000150                SysTick_Handler
                0x00000152                LPTMR0_DriverIRQHandler
                0x00000152                PORTC_PORTD_DriverIRQHandler
                0x00000152                SPI1_DriverIRQHandler
                0x00000152                DMA0_DriverIRQHandler
                0x00000152                DMA2_DriverIRQHandler
                0x00000152                CMP0_DriverIRQHandler
                0x00000152                I2S0_DriverIRQHandler
                0x00000152                ADC0_DriverIRQHandler
                0x00000152                TPM2_DriverIRQHandler
                0x00000152                SPI0_DriverIRQHandler
                0x00000152                DMA1_DriverIRQHandler
                0x00000152                PIT_DriverIRQHandler
                0x00000152                TSI0_DriverIRQHandler
                0x00000152                RTC_Seconds_DriverIRQHandler
                0x00000152                RTC_DriverIRQHandler
                0x00000152                LLWU_DriverIRQHandler
                0x00000152                MCG_DriverIRQHandler
                0x00000152                Reserved40_DriverIRQHandler
                0x00000152                TPM1_DriverIRQHandler
                0x00000152                FTFA_DriverIRQHandler
                0x00000152                DAC0_DriverIRQHandler
                0x00000152                LVD_LVW_DriverIRQHandler
                0x00000152                TPM0_DriverIRQHandler
                0x00000152                PORTA_DriverIRQHandler
                0x00000152                Reserved20_DriverIRQHandler
                0x00000152                DMA3_DriverIRQHandler
                0x00000152                Reserved45_DriverIRQHandler
                0x00000154                DMA0_IRQHandler
                0x0000015c                DMA1_IRQHandler
                0x00000164                DMA2_IRQHandler
                0x0000016c                DMA3_IRQHandler
                0x00000174                Reserved20_IRQHandler
                0x0000017c                FTFA_IRQHandler
                0x00000184                LVD_LVW_IRQHandler
                0x0000018c                LLWU_IRQHandler
                0x00000194                I2C0_IRQHandler
                0x0000019c                I2C1_IRQHandler
                0x000001a4                SPI0_IRQHandler
                0x000001ac                SPI1_IRQHandler
                0x000001c4                UART2_IRQHandler
                0x000001cc                ADC0_IRQHandler
                0x000001dc                TPM0_IRQHandler
                0x000001e4                TPM1_IRQHandler
                0x000001ec                TPM2_IRQHandler
                0x0000020c                I2S0_IRQHandler
                0x00000214                Reserved40_IRQHandler
                0x0000021c                DAC0_IRQHandler
                0x00000224                TSI0_IRQHandler
                0x0000022c                MCG_IRQHandler
                0x00000234                LPTMR0_IRQHandler
                0x0000023c                Reserved45_IRQHandler
                0x00000244                PORTA_IRQHandler
                0x00000400                . = 0x400
 *fill*         0x00000254      0x1ac ff
                0x00000400                PROVIDE (__FLASH_CONFIG_START__, .)
 *(.FlashConfig)
 .FlashConfig   0x00000400       0x10 ./startup/startup_mkl16z4.o
                0x00000400                Flash_Config
                0x00000410                PROVIDE (__FLASH_CONFIG_END__, .)
                0x00000001                ASSERT (! ((__FLASH_CONFIG_START__ == __FLASH_CONFIG_END__)), Linker Flash Config Support Enabled, but no .FlashConfig section provided within application)
 *(.text*)
 .text.ADC16_EnableHardwareTrigger
                0x00000410       0x3a ./source/adc.o
 *fill*         0x0000044a        0x2 ff
 .text.ADC16_GetChannelConversionValue
                0x0000044c       0x40 ./source/adc.o
 .text.adc_init
                0x0000048c       0x50 ./source/adc.o
                0x0000048c                adc_init
 .text.adc_read
                0x000004dc       0x48 ./source/adc.o
                0x000004dc                adc_read
 .text.mic_measure_sound_pressure_level
                0x00000524      0x208 ./source/adc.o
                0x00000524                mic_measure_sound_pressure_level
 .text.adxl343_sample_all_axis
                0x0000072c      0x1c6 ./source/adxl343.o
                0x0000072c                adxl343_sample_all_axis
 *fill*         0x000008f2        0x2 ff
 .text.adxl343_init
                0x000008f4      0x108 ./source/adxl343.o
                0x000008f4                adxl343_init
 .text.ADXL343_setActivity_shock_level
                0x000009fc       0x3c ./source/adxl343.o
                0x000009fc                ADXL343_setActivity_shock_level
 .text.adxl343_read_device_id
                0x00000a38       0x50 ./source/adxl343.o
                0x00000a38                adxl343_read_device_id
 .text.adxl343_write
                0x00000a88       0x68 ./source/adxl343.o
                0x00000a88                adxl343_write
 .text.adxl343_read
                0x00000af0       0x68 ./source/adxl343.o
                0x00000af0                adxl343_read
 .text.ADXL343_get_Gxyz
                0x00000b58      0x140 ./source/adxl343.o
                0x00000b58                ADXL343_get_Gxyz
 .text.ADXL343_writeTo
                0x00000c98       0x2a ./source/adxl343.o
                0x00000c98                ADXL343_writeTo
 .text.ADXL343_readFrom
                0x00000cc2       0x28 ./source/adxl343.o
                0x00000cc2                ADXL343_readFrom
 *fill*         0x00000cea        0x2 ff
 .text.ADXL343_writeToI2C
                0x00000cec       0x38 ./source/adxl343.o
                0x00000cec                ADXL343_writeToI2C
 .text.ADXL343_readFromI2C
                0x00000d24       0x3c ./source/adxl343.o
                0x00000d24                ADXL343_readFromI2C
 .text.ADXL343_getRangeSetting
                0x00000d60       0x2c ./source/adxl343.o
                0x00000d60                ADXL343_getRangeSetting
 .text.ADXL343_setRangeSetting
                0x00000d8c       0x8e ./source/adxl343.o
                0x00000d8c                ADXL343_setRangeSetting
 .text.ADXL343_setInterruptLevelBit
                0x00000e1a       0x22 ./source/adxl343.o
                0x00000e1a                ADXL343_setInterruptLevelBit
 .text.ADXL343_setTapThreshold
                0x00000e3c       0x24 ./source/adxl343.o
                0x00000e3c                ADXL343_setTapThreshold
 .text.ADXL343_getTapThreshold
                0x00000e60       0x1e ./source/adxl343.o
                0x00000e60                ADXL343_getTapThreshold
 .text.ADXL343_setActivityThreshold
                0x00000e7e       0x24 ./source/adxl343.o
                0x00000e7e                ADXL343_setActivityThreshold
 .text.ADXL343_setActivityX
                0x00000ea2       0x22 ./source/adxl343.o
                0x00000ea2                ADXL343_setActivityX
 .text.ADXL343_setActivityY
                0x00000ec4       0x22 ./source/adxl343.o
                0x00000ec4                ADXL343_setActivityY
 .text.ADXL343_setActivityZ
                0x00000ee6       0x22 ./source/adxl343.o
                0x00000ee6                ADXL343_setActivityZ
 .text.ADXL343_setActivityXYZ
                0x00000f08       0x44 ./source/adxl343.o
                0x00000f08                ADXL343_setActivityXYZ
 .text.ADXL343_getInterruptSource_reg
                0x00000f4c       0x1e ./source/adxl343.o
                0x00000f4c                ADXL343_getInterruptSource_reg
 .text.ADXL343_setRegisterBit
                0x00000f6a       0x86 ./source/adxl343.o
                0x00000f6a                ADXL343_setRegisterBit
 .text.GPIO_WritePinOutput
                0x00000ff0       0x34 ./source/application.o
 .text.get_application_data_buffers
                0x00001024       0x10 ./source/application.o
                0x00001024                get_application_data_buffers
 .text.application_run
                0x00001034      0x344 ./source/application.o
                0x00001034                application_run
 .text.application_wake_up
                0x00001378       0x12 ./source/application.o
                0x00001378                application_wake_up
 .text.application_prepare_sleep
                0x0000138a       0x1c ./source/application.o
                0x0000138a                application_prepare_sleep
 .text.application_transmit_data
                0x000013a6       0x2e ./source/application.o
                0x000013a6                application_transmit_data
 .text.application_power_down
                0x000013d4       0x24 ./source/application.o
                0x000013d4                application_power_down
 .text.to_uchar
                0x000013f8       0x18 ./source/base64.o
 .text.base64_encode
                0x00001410      0x170 ./source/base64.o
                0x00001410                base64_encode
 .text.NVIC_EnableIRQ
                0x00001580       0x2c ./source/cli.o
 .text.EnableIRQ
                0x000015ac       0x2c ./source/cli.o
 .text.UART_ReadByte
                0x000015d8       0x16 ./source/cli.o
 *fill*         0x000015ee        0x2 ff
 .text.cli_initialize_uart
                0x000015f0       0x44 ./source/cli.o
                0x000015f0                cli_initialize_uart
 .text.cli_login_read
                0x00001634       0x30 ./source/cli.o
                0x00001634                cli_login_read
 .text.cli_login_write
                0x00001664       0x30 ./source/cli.o
                0x00001664                cli_login_write
 .text.cli_login_debug
                0x00001694       0x30 ./source/cli.o
                0x00001694                cli_login_debug
 .text.cli_hf   0x000016c4       0x18 ./source/cli.o
                0x000016c4                cli_hf
 .text.cli_wd   0x000016dc        0x6 ./source/cli.o
                0x000016dc                cli_wd
 *fill*         0x000016e2        0x2 ff
 .text.cli_read_acc_reg
                0x000016e4       0x90 ./source/cli.o
                0x000016e4                cli_read_acc_reg
 .text.cli_bmp_read
                0x00001774       0x90 ./source/cli.o
                0x00001774                cli_bmp_read
 .text.cli_mic_read
                0x00001804       0xf8 ./source/cli.o
                0x00001804                cli_mic_read
 .text.cli_adc_read
                0x000018fc       0x54 ./source/cli.o
                0x000018fc                cli_adc_read
 .text.cli_resume
                0x00001950       0x24 ./source/cli.o
                0x00001950                cli_resume
 .text.cli_sim_on_off
                0x00001974       0x4c ./source/cli.o
                0x00001974                cli_sim_on_off
 .text.cli_at_on
                0x000019c0       0x18 ./source/cli.o
                0x000019c0                cli_at_on
 .text.cli_at_off
                0x000019d8       0x18 ./source/cli.o
                0x000019d8                cli_at_off
 .text.cli_gsm_reset
                0x000019f0       0x14 ./source/cli.o
                0x000019f0                cli_gsm_reset
 .text.cli_sleep
                0x00001a04       0x50 ./source/cli.o
                0x00001a04                cli_sleep
 .text.cli_read_INT1_pin
                0x00001a54       0x78 ./source/cli.o
                0x00001a54                cli_read_INT1_pin
 .text.cli_range
                0x00001acc      0x118 ./source/cli.o
                0x00001acc                cli_range
 .text.cli_tap  0x00001be4       0xe8 ./source/cli.o
                0x00001be4                cli_tap
 .text.cli_xyz  0x00001ccc       0xa4 ./source/cli.o
                0x00001ccc                cli_xyz
 .text.cli_handler
                0x00001d70       0x24 ./source/cli.o
                0x00001d70                cli_handler
 .text.cli_stat
                0x00001d94        0xe ./source/cli.o
                0x00001d94                cli_stat
 .text.uartTx   0x00001da2       0x26 ./source/cli.o
                0x00001da2                uartTx
 .text.cli_help_print
                0x00001dc8       0xe4 ./source/cli.o
                0x00001dc8                cli_help_print
 .text.cli_cls  0x00001eac       0x20 ./source/cli.o
                0x00001eac                cli_cls
 .text.cli_buffer
                0x00001ecc       0x10 ./source/cli.o
                0x00001ecc                cli_buffer
 .text.cli_check_received_flag
                0x00001edc       0x14 ./source/cli.o
                0x00001edc                cli_check_received_flag
 .text.cli_clear_received_flag
                0x00001ef0       0x20 ./source/cli.o
                0x00001ef0                cli_clear_received_flag
 .text.cli_check_password
                0x00001f10      0x13c ./source/cli.o
                0x00001f10                cli_check_password
 .text.cli_check_command
                0x0000204c      0x17c ./source/cli.o
                0x0000204c                cli_check_command
 .text.cli_clear_command_buf
                0x000021c8       0x30 ./source/cli.o
                0x000021c8                cli_clear_command_buf
 .text.cli_initialize_interrupt
                0x000021f8       0x28 ./source/cli.o
                0x000021f8                cli_initialize_interrupt
 .text.UART1_IRQHandler
                0x00002220       0xcc ./source/cli.o
                0x00002220                UART1_IRQHandler
 .text.cli_reboot
                0x000022ec        0xe ./source/cli.o
                0x000022ec                cli_reboot
 .text.cli_atclr
                0x000022fa        0xe ./source/cli.o
                0x000022fa                cli_atclr
 .text.cli_clibuf
                0x00002308       0xc4 ./source/cli.o
                0x00002308                cli_clibuf
 .text.cli_hdc  0x000023cc        0xe ./source/cli.o
                0x000023cc                cli_hdc
 .text.cli_adxl_id
                0x000023da        0xe ./source/cli.o
                0x000023da                cli_adxl_id
 .text.cli_hdc_id
                0x000023e8        0xe ./source/cli.o
                0x000023e8                cli_hdc_id
 *fill*         0x000023f6        0x2 ff
 .text.cli_time
                0x000023f8       0x88 ./source/cli.o
                0x000023f8                cli_time
 .text.cli_at   0x00002480       0xc0 ./source/cli.o
                0x00002480                cli_at
 .text.NVIC_EnableIRQ
                0x00002540       0x2c ./source/cmp.o
 .text.EnableIRQ
                0x0000256c       0x2c ./source/cmp.o
 .text.GPIO_WritePinOutput
                0x00002598       0x34 ./source/cmp.o
 .text.CMP0_IRQHandler
                0x000025cc       0x70 ./source/cmp.o
                0x000025cc                CMP0_IRQHandler
 .text.comparator_initialize
                0x0000263c       0xb8 ./source/cmp.o
                0x0000263c                comparator_initialize
 .text.PORTC_PORTD_IRQHandler
                0x000026f4       0x7c ./source/gpio.o
                0x000026f4                PORTC_PORTD_IRQHandler
 .text.hdc1080_read_device_id
                0x00002770       0x74 ./source/hdc1080.o
                0x00002770                hdc1080_read_device_id
 .text.hdc1080_read_temp
                0x000027e4      0x108 ./source/hdc1080.o
                0x000027e4                hdc1080_read_temp
 .text.hdc1080_read_temp_rh
                0x000028ec       0xb4 ./source/hdc1080.o
                0x000028ec                hdc1080_read_temp_rh
 .text.hdc1080_write
                0x000029a0       0x68 ./source/hdc1080.o
                0x000029a0                hdc1080_write
 .text.hdc1080_read
                0x00002a08       0x68 ./source/hdc1080.o
                0x00002a08                hdc1080_read
 .text.main     0x00002a70       0xbc ./source/main.o
                0x00002a70                main
 .text.system_variables_initialize
                0x00002b2c      0x110 ./source/main.o
                0x00002b2c                system_variables_initialize
 .text.application_settings_print
                0x00002c3c       0x9c ./source/main.o
                0x00002c3c                application_settings_print
 .text.build_product_serial_number
                0x00002cd8       0x94 ./source/main.o
                0x00002cd8                build_product_serial_number
 .text.system_variables_print
                0x00002d6c      0x340 ./source/main.o
                0x00002d6c                system_variables_print
 .text.main_initialize_application
                0x000030ac        0xe ./source/main.o
                0x000030ac                main_initialize_application
 .text.main_print_greetings
                0x000030ba        0xe ./source/main.o
                0x000030ba                main_print_greetings
 .text.main_sleep
                0x000030c8       0xd0 ./source/main.o
                0x000030c8                main_sleep
 .text.main_initialize_hw
                0x00003198       0x90 ./source/main.o
                0x00003198                main_initialize_hw
 .text.I2C_CheckAndClearError
                0x00003228       0x40 ./source/main.o
                0x00003228                I2C_CheckAndClearError
 .text.main_get_settings
                0x00003268       0x24 ./source/main.o
                0x00003268                main_get_settings
 .text.GPIO_ReadPinInput
                0x0000328c       0x20 ./source/packets.o
 .text.packet_build_packet_header
                0x000032ac       0x90 ./source/packets.o
                0x000032ac                packet_build_packet_header
 .text.packet_read_sensors
                0x0000333c      0x16c ./source/packets.o
                0x0000333c                packet_read_sensors
 .text.packet_encrypt
                0x000034a8       0x98 ./source/packets.o
                0x000034a8                packet_encrypt
 .text.packet_encode_sagaoppsyn
                0x00003540      0x208 ./source/packets.o
                0x00003540                packet_encode_sagaoppsyn
 .text.packet_battery_voltage_read
                0x00003748       0xa8 ./source/packets.o
                0x00003748                packet_battery_voltage_read
 .text.packet_traverse_cvs_string
                0x000037f0       0x60 ./source/packets.o
                0x000037f0                packet_traverse_cvs_string
 .text.packet_gnss_read
                0x00003850       0x50 ./source/packets.o
                0x00003850                packet_gnss_read
 .text.packet_assemble_sagaoppsyn
                0x000038a0      0x1a4 ./source/packets.o
                0x000038a0                packet_assemble_sagaoppsyn
 .text.packet_scan_cpsi_string
                0x00003a44      0x220 ./source/packets.o
                0x00003a44                packet_scan_cpsi_string
 .text.NVIC_EnableIRQ
                0x00003c64       0x2c ./source/pit.o
 .text.NVIC_SystemReset
                0x00003c90       0x20 ./source/pit.o
 .text.EnableIRQ
                0x00003cb0       0x2c ./source/pit.o
 .text.PIT_GetDefaultConfig
                0x00003cdc       0x34 ./source/pit.o
 .text.PIT_EnableInterrupts
                0x00003d10       0x42 ./source/pit.o
 .text.PIT_ClearStatusFlags
                0x00003d52       0x2e ./source/pit.o
 .text.PIT_SetTimerPeriod
                0x00003d80       0x28 ./source/pit.o
 .text.PIT_StartTimer
                0x00003da8       0x3e ./source/pit.o
 .text.GPIO_WritePinOutput
                0x00003de6       0x34 ./source/pit.o
 *fill*         0x00003e1a        0x2 ff
 .text.waitms_read
                0x00003e1c       0x14 ./source/pit.o
                0x00003e1c                waitms_read
 .text.waitms   0x00003e30       0x2c ./source/pit.o
                0x00003e30                waitms
 .text.PIT_IRQHandler
                0x00003e5c      0x184 ./source/pit.o
                0x00003e5c                PIT_IRQHandler
 .text.pit_bounce_soft_watchdog
                0x00003fe0       0x14 ./source/pit.o
                0x00003fe0                pit_bounce_soft_watchdog
 .text.pit_counters_clear
                0x00003ff4       0x34 ./source/pit.o
                0x00003ff4                pit_counters_clear
 .text.pit_initialize
                0x00004028       0x88 ./source/pit.o
                0x00004028                pit_initialize
 .text.HardFault_Handler
                0x000040b0       0x30 ./source/semihost_hardfault.o
                0x000040b0                HardFault_Handler
 .text.NVIC_EnableIRQ
                0x000040e0       0x2c ./source/sim7000.o
 .text.CLOCK_SetLpsci0Clock
                0x0000410c       0x38 ./source/sim7000.o
 .text.EnableIRQ
                0x00004144       0x2c ./source/sim7000.o
 .text.GPIO_WritePinOutput
                0x00004170       0x34 ./source/sim7000.o
 .text.LPSCI_ReadByte
                0x000041a4       0x16 ./source/sim7000.o
 *fill*         0x000041ba        0x2 ff
 .text.at_status_responses_clear
                0x000041bc       0x50 ./source/sim7000.o
                0x000041bc                at_status_responses_clear
 .text.at_cfun  0x0000420c        0xa ./source/sim7000.o
                0x0000420c                at_cfun
 .text.at_ate0  0x00004216        0xa ./source/sim7000.o
                0x00004216                at_ate0
 .text.at_sms_ready
                0x00004220       0x20 ./source/sim7000.o
                0x00004220                at_sms_ready
 .text.at_cgnsinf
                0x00004240       0xf4 ./source/sim7000.o
                0x00004240                at_cgnsinf
 .text.at_send_fail
                0x00004334       0x14 ./source/sim7000.o
                0x00004334                at_send_fail
 .text.at_send_ok
                0x00004348       0x28 ./source/sim7000.o
                0x00004348                at_send_ok
 .text.at_cpin  0x00004370        0xa ./source/sim7000.o
                0x00004370                at_cpin
 *fill*         0x0000437a        0x2 ff
 .text.at_connect_ok
                0x0000437c       0x28 ./source/sim7000.o
                0x0000437c                at_connect_ok
 .text.at_cbc   0x000043a4       0x20 ./source/sim7000.o
                0x000043a4                at_cbc
 .text.at_cpsi  0x000043c4       0x20 ./source/sim7000.o
                0x000043c4                at_cpsi
 .text.at_cdnsgip
                0x000043e4       0x20 ./source/sim7000.o
                0x000043e4                at_cdnsgip
 .text.at_cdnscfg
                0x00004404        0xa ./source/sim7000.o
                0x00004404                at_cdnscfg
 *fill*         0x0000440e        0x2 ff
 .text.at_cipsend
                0x00004410       0x20 ./source/sim7000.o
                0x00004410                at_cipsend
 .text.at_cipstart
                0x00004430       0x20 ./source/sim7000.o
                0x00004430                at_cipstart
 .text.at_cifsr
                0x00004450        0xa ./source/sim7000.o
                0x00004450                at_cifsr
 *fill*         0x0000445a        0x2 ff
 .text.at_ok    0x0000445c       0x14 ./source/sim7000.o
                0x0000445c                at_ok
 .text.at_shut_ok
                0x00004470       0x28 ./source/sim7000.o
                0x00004470                at_shut_ok
 .text.at_error
                0x00004498       0x28 ./source/sim7000.o
                0x00004498                at_error
 .text.at_creg  0x000044c0        0xa ./source/sim7000.o
                0x000044c0                at_creg
 *fill*         0x000044ca        0x2 ff
 .text.at_cgreg
                0x000044cc       0x20 ./source/sim7000.o
                0x000044cc                at_cgreg
 .text.at_cops  0x000044ec        0xa ./source/sim7000.o
                0x000044ec                at_cops
 *fill*         0x000044f6        0x2 ff
 .text.at_cgatt
                0x000044f8       0x28 ./source/sim7000.o
                0x000044f8                at_cgatt
 .text.at_cgnapn
                0x00004520       0x64 ./source/sim7000.o
                0x00004520                at_cgnapn
 .text.at_cstt  0x00004584        0xa ./source/sim7000.o
                0x00004584                at_cstt
 .text.at_ciicr
                0x0000458e        0xa ./source/sim7000.o
                0x0000458e                at_ciicr
 .text.at_check_cmd
                0x00004598      0x120 ./source/sim7000.o
                0x00004598                at_check_cmd
 .text.at_cmd_wait_for_response
                0x000046b8      0x120 ./source/sim7000.o
                0x000046b8                at_cmd_wait_for_response
 .text.sim7000_tx_at
                0x000047d8       0x68 ./source/sim7000.o
                0x000047d8                sim7000_tx_at
 .text.sim7000_reset
                0x00004840       0x34 ./source/sim7000.o
                0x00004840                sim7000_reset
 .text.sim7000_clear_buf
                0x00004874       0x58 ./source/sim7000.o
                0x00004874                sim7000_clear_buf
 .text.sim7000_handler
                0x000048cc       0x24 ./source/sim7000.o
                0x000048cc                sim7000_handler
 .text.sim7000_print_args
                0x000048f0       0xdc ./source/sim7000.o
                0x000048f0                sim7000_print_args
 .text.sim7000_check_command_received
                0x000049cc       0x14 ./source/sim7000.o
                0x000049cc                sim7000_check_command_received
 .text.sim7000_check_received_flag
                0x000049e0       0x14 ./source/sim7000.o
                0x000049e0                sim7000_check_received_flag
 .text.sim7000_get_buf
                0x000049f4       0x10 ./source/sim7000.o
                0x000049f4                sim7000_get_buf
 .text.sim7000_initialize_uart
                0x00004a04       0x5c ./source/sim7000.o
                0x00004a04                sim7000_initialize_uart
 .text.sim7000_init_irq
                0x00004a60       0x24 ./source/sim7000.o
                0x00004a60                sim7000_init_irq
 .text.UART0_IRQHandler
                0x00004a84      0x11c ./source/sim7000.o
                0x00004a84                UART0_IRQHandler
 .text.sim7000_at_command_handler
                0x00004ba0      0x10c ./source/sim7000.o
                0x00004ba0                sim7000_at_command_handler
 .text.skip_by_key_pressed
                0x00004cac       0x34 ./source/sim7000.o
                0x00004cac                skip_by_key_pressed
 .text.wait_seconds_print_console
                0x00004ce0       0x50 ./source/sim7000.o
                0x00004ce0                wait_seconds_print_console
 .text.sim7000_parse_incoming_packet
                0x00004d30      0x414 ./source/sim7000.o
                0x00004d30                sim7000_parse_incoming_packet
 .text.sim7000_on_off
                0x00005144      0x194 ./source/sim7000.o
                0x00005144                sim7000_on_off
 .text.sim7000_packet_transmit
                0x000052d8      0xb20 ./source/sim7000.o
                0x000052d8                sim7000_packet_transmit
 .text.NVIC_EnableIRQ
                0x00005df8       0x2c ./source/sleep.o
 .text.EnableIRQ
                0x00005e24       0x2c ./source/sleep.o
 .text.RTC_EnableInterrupts
                0x00005e50       0x1e ./source/sleep.o
 .text.RTC_GetStatusFlags
                0x00005e6e       0x18 ./source/sleep.o
 .text.RTC_StartTimer
                0x00005e86       0x1c ./source/sleep.o
 .text.RTC_StopTimer
                0x00005ea2       0x1e ./source/sleep.o
 .text.GPIO_WritePinOutput
                0x00005ec0       0x34 ./source/sleep.o
 .text.ConvertDatetimeToSeconds
                0x00005ef4       0xfc ./source/sleep.o
                0x00005ef4                ConvertDatetimeToSeconds
 .text.ConvertSecondsToDatetime
                0x00005ff0      0x168 ./source/sleep.o
                0x00005ff0                ConvertSecondsToDatetime
 .text.SetRtcClockSourceToExtOsc
                0x00006158       0x1c ./source/sleep.o
 .text.RTC_IRQHandler
                0x00006174       0x34 ./source/sleep.o
                0x00006174                RTC_IRQHandler
 .text.RTC_Seconds_IRQHandler
                0x000061a8       0x14 ./source/sleep.o
                0x000061a8                RTC_Seconds_IRQHandler
 .text.rtc_init
                0x000061bc       0xa0 ./source/sleep.o
                0x000061bc                rtc_init
 .text.set_time_from_epoch
                0x0000625c       0x58 ./source/sleep.o
                0x0000625c                set_time_from_epoch
 .text.calculate_new_time
                0x000062b4       0x84 ./source/sleep.o
                0x000062b4                calculate_new_time
 .text.send_mcu_to_deep_sleep
                0x00006338       0x8c ./source/sleep.o
                0x00006338                send_mcu_to_deep_sleep
 .text.xxtea    0x000063c4      0x27c ./source/xxtea.o
                0x000063c4                xxtea
 .text.CLOCK_EnableClock
                0x00006640       0x34 ./drivers/fsl_adc16.o
 .text.ADC16_GetInstance
                0x00006674       0x54 ./drivers/fsl_adc16.o
 .text.ADC16_Init
                0x000066c8      0x120 ./drivers/fsl_adc16.o
                0x000066c8                ADC16_Init
 .text.ADC16_GetDefaultConfig
                0x000067e8       0x64 ./drivers/fsl_adc16.o
                0x000067e8                ADC16_GetDefaultConfig
 .text.ADC16_DoAutoCalibration
                0x0000684c      0x11a ./drivers/fsl_adc16.o
                0x0000684c                ADC16_DoAutoCalibration
 .text.ADC16_SetChannelMuxMode
                0x00006966       0x3a ./drivers/fsl_adc16.o
                0x00006966                ADC16_SetChannelMuxMode
 .text.ADC16_SetHardwareAverage
                0x000069a0       0x40 ./drivers/fsl_adc16.o
                0x000069a0                ADC16_SetHardwareAverage
 .text.ADC16_GetStatusFlags
                0x000069e0       0x3a ./drivers/fsl_adc16.o
                0x000069e0                ADC16_GetStatusFlags
 *fill*         0x00006a1a        0x2 ff
 .text.ADC16_SetChannelConfig
                0x00006a1c       0x88 ./drivers/fsl_adc16.o
                0x00006a1c                ADC16_SetChannelConfig
 .text.ADC16_GetChannelStatusFlags
                0x00006aa4       0x54 ./drivers/fsl_adc16.o
                0x00006aa4                ADC16_GetChannelStatusFlags
 .text.CLOCK_SetEr32kClock
                0x00006af8       0x34 ./drivers/fsl_clock.o
 .text.CLOCK_SetPllFllSelClock
                0x00006b2c       0x38 ./drivers/fsl_clock.o
 .text.OSC_SetExtRefClkConfig
                0x00006b64       0x3e ./drivers/fsl_clock.o
 .text.OSC_SetCapLoad
                0x00006ba2       0x42 ./drivers/fsl_clock.o
 .text.CLOCK_GetMcgExtClkFreq
                0x00006be4       0x34 ./drivers/fsl_clock.o
 .text.CLOCK_GetFllExtRefClkFreq
                0x00006c18       0xa4 ./drivers/fsl_clock.o
 .text.CLOCK_GetInternalRefClkSelectFreq
                0x00006cbc       0x40 ./drivers/fsl_clock.o
 .text.CLOCK_GetFllRefClkFreq
                0x00006cfc       0x2c ./drivers/fsl_clock.o
 .text.CLOCK_GetPll0RefFreq
                0x00006d28       0x10 ./drivers/fsl_clock.o
 .text.CLOCK_GetOscRangeFromFreq
                0x00006d38       0x4c ./drivers/fsl_clock.o
 .text.CLOCK_GetOsc0ErClkFreq
                0x00006d84       0x4c ./drivers/fsl_clock.o
                0x00006d84                CLOCK_GetOsc0ErClkFreq
 .text.CLOCK_GetEr32kClkFreq
                0x00006dd0       0x84 ./drivers/fsl_clock.o
                0x00006dd0                CLOCK_GetEr32kClkFreq
 .text.CLOCK_GetPllFllSelClkFreq
                0x00006e54       0x4c ./drivers/fsl_clock.o
                0x00006e54                CLOCK_GetPllFllSelClkFreq
 .text.CLOCK_GetFreq
                0x00006ea0       0xe0 ./drivers/fsl_clock.o
                0x00006ea0                CLOCK_GetFreq
 .text.CLOCK_SetSimConfig
                0x00006f80       0x38 ./drivers/fsl_clock.o
                0x00006f80                CLOCK_SetSimConfig
 .text.CLOCK_GetOutClkFreq
                0x00006fb8       0x60 ./drivers/fsl_clock.o
                0x00006fb8                CLOCK_GetOutClkFreq
 .text.CLOCK_GetFllFreq
                0x00007018       0x84 ./drivers/fsl_clock.o
                0x00007018                CLOCK_GetFllFreq
 .text.CLOCK_GetInternalRefClkFreq
                0x0000709c       0x28 ./drivers/fsl_clock.o
                0x0000709c                CLOCK_GetInternalRefClkFreq
 .text.CLOCK_GetFixedFreqClkFreq
                0x000070c4       0x30 ./drivers/fsl_clock.o
                0x000070c4                CLOCK_GetFixedFreqClkFreq
 .text.CLOCK_GetPll0Freq
                0x000070f4       0x80 ./drivers/fsl_clock.o
                0x000070f4                CLOCK_GetPll0Freq
 .text.CLOCK_SetInternalRefClkConfig
                0x00007174      0x128 ./drivers/fsl_clock.o
                0x00007174                CLOCK_SetInternalRefClkConfig
 .text.CLOCK_InitOsc0
                0x0000729c       0x94 ./drivers/fsl_clock.o
                0x0000729c                CLOCK_InitOsc0
 .text.CLOCK_SetFeiMode
                0x00007330       0xe0 ./drivers/fsl_clock.o
                0x00007330                CLOCK_SetFeiMode
 .text.CLOCK_BootToFeiMode
                0x00007410       0x2e ./drivers/fsl_clock.o
                0x00007410                CLOCK_BootToFeiMode
 *fill*         0x0000743e        0x2 ff
 .text.CLOCK_EnableClock
                0x00007440       0x34 ./drivers/fsl_cmp.o
 .text.CMP_Enable
                0x00007474       0x40 ./drivers/fsl_cmp.o
 .text.CMP_GetInstance
                0x000074b4       0x54 ./drivers/fsl_cmp.o
 .text.CMP_Init
                0x00007508      0x120 ./drivers/fsl_cmp.o
                0x00007508                CMP_Init
 .text.CMP_GetDefaultConfig
                0x00007628       0x58 ./drivers/fsl_cmp.o
                0x00007628                CMP_GetDefaultConfig
 .text.CMP_SetInputChannels
                0x00007680       0x64 ./drivers/fsl_cmp.o
                0x00007680                CMP_SetInputChannels
 .text.CMP_SetDACConfig
                0x000076e4       0x6a ./drivers/fsl_cmp.o
                0x000076e4                CMP_SetDACConfig
 .text.CMP_EnableInterrupts
                0x0000774e       0x58 ./drivers/fsl_cmp.o
                0x0000774e                CMP_EnableInterrupts
 .text.CMP_GetStatusFlags
                0x000077a6       0x5e ./drivers/fsl_cmp.o
                0x000077a6                CMP_GetStatusFlags
 .text.CMP_ClearStatusFlags
                0x00007804       0x58 ./drivers/fsl_cmp.o
                0x00007804                CMP_ClearStatusFlags
 .text.__assert_func
                0x0000785c       0x12 ./drivers/fsl_common.o
                0x0000785c                __assert_func
 *fill*         0x0000786e        0x2 ff
 .text.FLASH_PflashSetPrefetchSpeculation
                0x00007870       0x78 ./drivers/fsl_flash.o
                0x00007870                FLASH_PflashSetPrefetchSpeculation
 .text.GPIO_WritePinOutput
                0x000078e8       0x34 ./drivers/fsl_gpio.o
 .text.GPIO_GetInstance
                0x0000791c       0x58 ./drivers/fsl_gpio.o
 .text.GPIO_PinInit
                0x00007974       0x70 ./drivers/fsl_gpio.o
                0x00007974                GPIO_PinInit
 .text.GPIO_GetPinsInterruptFlags
                0x000079e4       0x38 ./drivers/fsl_gpio.o
                0x000079e4                GPIO_GetPinsInterruptFlags
 .text.GPIO_ClearPinsInterruptFlags
                0x00007a1c       0x3c ./drivers/fsl_gpio.o
                0x00007a1c                GPIO_ClearPinsInterruptFlags
 .text.CLOCK_EnableClock
                0x00007a58       0x34 ./drivers/fsl_i2c.o
 .text.I2C_MasterClearStatusFlags
                0x00007a8c       0x56 ./drivers/fsl_i2c.o
 *fill*         0x00007ae2        0x2 ff
 .text.I2C_GetInstance
                0x00007ae4       0x58 ./drivers/fsl_i2c.o
                0x00007ae4                I2C_GetInstance
 .text.I2C_CheckAndClearError
                0x00007b3c       0x40 ./drivers/fsl_i2c.o
 .text.I2C_TransferCommonIRQHandler
                0x00007b7c       0x54 ./drivers/fsl_i2c.o
 .text.I2C_MasterInit
                0x00007bd0      0x10c ./drivers/fsl_i2c.o
                0x00007bd0                I2C_MasterInit
 .text.I2C_MasterSetBaudRate
                0x00007cdc       0xf0 ./drivers/fsl_i2c.o
                0x00007cdc                I2C_MasterSetBaudRate
 .text.I2C_MasterStart
                0x00007dcc       0x74 ./drivers/fsl_i2c.o
                0x00007dcc                I2C_MasterStart
 .text.I2C_MasterRepeatedStart
                0x00007e40       0xbc ./drivers/fsl_i2c.o
                0x00007e40                I2C_MasterRepeatedStart
 .text.I2C_MasterStop
                0x00007efc       0x64 ./drivers/fsl_i2c.o
                0x00007efc                I2C_MasterStop
 .text.I2C_MasterGetStatusFlags
                0x00007f60       0x4a ./drivers/fsl_i2c.o
                0x00007f60                I2C_MasterGetStatusFlags
 *fill*         0x00007faa        0x2 ff
 .text.I2C_MasterWriteBlocking
                0x00007fac       0xec ./drivers/fsl_i2c.o
                0x00007fac                I2C_MasterWriteBlocking
 .text.I2C_MasterReadBlocking
                0x00008098       0xea ./drivers/fsl_i2c.o
                0x00008098                I2C_MasterReadBlocking
 *fill*         0x00008182        0x2 ff
 .text.I2C_MasterTransferBlocking
                0x00008184      0x240 ./drivers/fsl_i2c.o
                0x00008184                I2C_MasterTransferBlocking
 .text.I2C0_DriverIRQHandler
                0x000083c4       0x20 ./drivers/fsl_i2c.o
                0x000083c4                I2C0_DriverIRQHandler
 .text.I2C1_DriverIRQHandler
                0x000083e4       0x20 ./drivers/fsl_i2c.o
                0x000083e4                I2C1_DriverIRQHandler
 .text.CLOCK_EnableClock
                0x00008404       0x34 ./drivers/fsl_lpsci.o
 .text.CLOCK_DisableClock
                0x00008438       0x38 ./drivers/fsl_lpsci.o
 .text.LPSCI_GetInstance
                0x00008470       0x54 ./drivers/fsl_lpsci.o
                0x00008470                LPSCI_GetInstance
 .text.LPSCI_Init
                0x000084c4      0x270 ./drivers/fsl_lpsci.o
                0x000084c4                LPSCI_Init
 .text.LPSCI_Deinit
                0x00008734       0x34 ./drivers/fsl_lpsci.o
                0x00008734                LPSCI_Deinit
 .text.LPSCI_GetDefaultConfig
                0x00008768       0x54 ./drivers/fsl_lpsci.o
                0x00008768                LPSCI_GetDefaultConfig
 .text.LPSCI_EnableInterrupts
                0x000087bc       0x58 ./drivers/fsl_lpsci.o
                0x000087bc                LPSCI_EnableInterrupts
 .text.LPSCI_GetStatusFlags
                0x00008814       0x26 ./drivers/fsl_lpsci.o
                0x00008814                LPSCI_GetStatusFlags
 *fill*         0x0000883a        0x2 ff
 .text.LPSCI_ClearStatusFlags
                0x0000883c       0x94 ./drivers/fsl_lpsci.o
                0x0000883c                LPSCI_ClearStatusFlags
 .text.LPSCI_WriteBlocking
                0x000088d0       0x5c ./drivers/fsl_lpsci.o
                0x000088d0                LPSCI_WriteBlocking
 .text.UART0_DriverIRQHandler
                0x0000892c       0x24 ./drivers/fsl_lpsci.o
                0x0000892c                UART0_DriverIRQHandler
 .text.CLOCK_EnableClock
                0x00008950       0x34 ./drivers/fsl_pit.o
 .text.PIT_GetInstance
                0x00008984       0x54 ./drivers/fsl_pit.o
 .text.PIT_Init
                0x000089d8       0x78 ./drivers/fsl_pit.o
                0x000089d8                PIT_Init
 .text.CLOCK_EnableClock
                0x00008a50       0x34 ./drivers/fsl_rtc.o
 .text.RTC_GetStatusFlags
                0x00008a84       0x18 ./drivers/fsl_rtc.o
 .text.RTC_Reset
                0x00008a9c       0x30 ./drivers/fsl_rtc.o
 .text.RTC_CheckDatetimeFormat
                0x00008acc       0xe8 ./drivers/fsl_rtc.o
 .text.RTC_ConvertDatetimeToSeconds
                0x00008bb4       0xfc ./drivers/fsl_rtc.o
 .text.RTC_ConvertSecondsToDatetime
                0x00008cb0      0x168 ./drivers/fsl_rtc.o
 .text.RTC_Init
                0x00008e18       0xb8 ./drivers/fsl_rtc.o
                0x00008e18                RTC_Init
 .text.RTC_SetDatetime
                0x00008ed0       0x60 ./drivers/fsl_rtc.o
                0x00008ed0                RTC_SetDatetime
 .text.RTC_GetDatetime
                0x00008f30       0x4c ./drivers/fsl_rtc.o
                0x00008f30                RTC_GetDatetime
 .text.RTC_SetAlarm
                0x00008f7c       0x80 ./drivers/fsl_rtc.o
                0x00008f7c                RTC_SetAlarm
 .text.RTC_ClearStatusFlags
                0x00008ffc       0x3c ./drivers/fsl_rtc.o
                0x00008ffc                RTC_ClearStatusFlags
 .text.SMC_PreEnterStopModes
                0x00009038       0x28 ./drivers/fsl_smc.o
                0x00009038                SMC_PreEnterStopModes
 .text.SMC_PostExitStopModes
                0x00009060       0x28 ./drivers/fsl_smc.o
                0x00009060                SMC_PostExitStopModes
 .text.SMC_SetPowerModeLls
                0x00009088       0x70 ./drivers/fsl_smc.o
                0x00009088                SMC_SetPowerModeLls
 .text.CLOCK_EnableClock
                0x000090f8       0x34 ./drivers/fsl_uart.o
 .text.UART_GetInstance
                0x0000912c       0x60 ./drivers/fsl_uart.o
                0x0000912c                UART_GetInstance
 .text.UART_Init
                0x0000918c      0x1f8 ./drivers/fsl_uart.o
                0x0000918c                UART_Init
 .text.UART_GetDefaultConfig
                0x00009384       0x54 ./drivers/fsl_uart.o
                0x00009384                UART_GetDefaultConfig
 .text.UART_EnableInterrupts
                0x000093d8       0x58 ./drivers/fsl_uart.o
                0x000093d8                UART_EnableInterrupts
 .text.UART_GetStatusFlags
                0x00009430       0x26 ./drivers/fsl_uart.o
                0x00009430                UART_GetStatusFlags
 .text.UART_WriteBlocking
                0x00009456       0x3a ./drivers/fsl_uart.o
                0x00009456                UART_WriteBlocking
 .text.UART1_DriverIRQHandler
                0x00009490       0x24 ./drivers/fsl_uart.o
                0x00009490                UART1_DriverIRQHandler
 .text.UART2_DriverIRQHandler
                0x000094b4       0x24 ./drivers/fsl_uart.o
                0x000094b4                UART2_DriverIRQHandler
 .text.CLOCK_EnableClock
                0x000094d8       0x34 ./board/clock_config.o
 .text.CLOCK_DisableClock
                0x0000950c       0x38 ./board/clock_config.o
 .text.CLOCK_SetLpsci0Clock
                0x00009544       0x38 ./board/clock_config.o
 .text.CLOCK_SetRtcClkOutClock
                0x0000957c       0x34 ./board/clock_config.o
 .text.CLOCK_SetSimSafeDivs
                0x000095b0       0x20 ./board/clock_config.o
 .text.CLOCK_SetXtal0Freq
                0x000095d0       0x1c ./board/clock_config.o
 .text.CLOCK_CONFIG_FllStableDelay
                0x000095ec       0x24 ./board/clock_config.o
 .text.CLOCK_CONFIG_SetRtcClock
                0x00009610       0x34 ./board/clock_config.o
 .text.BOARD_InitBootClocks
                0x00009644        0xe ./board/clock_config.o
                0x00009644                BOARD_InitBootClocks
 *fill*         0x00009652        0x2 ff
 .text.BOARD_BootClockRUN
                0x00009654       0x68 ./board/clock_config.o
                0x00009654                BOARD_BootClockRUN
 .text.NVIC_EnableIRQ
                0x000096bc       0x2c ./board/peripherals.o
 .text.EnableIRQ
                0x000096e8       0x2c ./board/peripherals.o
 .text.ADC16_EnableHardwareTrigger
                0x00009714       0x3a ./board/peripherals.o
 .text.CMP_Enable
                0x0000974e       0x40 ./board/peripherals.o
 .text.CMP_EnablePassThroughMode
                0x0000978e       0x42 ./board/peripherals.o
 .text.PIT_EnableInterrupts
                0x000097d0       0x42 ./board/peripherals.o
 .text.PIT_SetTimerPeriod
                0x00009812       0x28 ./board/peripherals.o
 .text.PIT_StartTimer
                0x0000983a       0x3e ./board/peripherals.o
 .text.ADC16_1_init
                0x00009878       0x40 ./board/peripherals.o
                0x00009878                ADC16_1_init
 .text.CMP_1_init
                0x000098b8       0x40 ./board/peripherals.o
                0x000098b8                CMP_1_init
 .text.GPIO_1_init
                0x000098f8       0x10 ./board/peripherals.o
                0x000098f8                GPIO_1_init
 .text.GPIO_2_init
                0x00009908        0xa ./board/peripherals.o
                0x00009908                GPIO_2_init
 .text.GPIO_3_init
                0x00009912        0xa ./board/peripherals.o
                0x00009912                GPIO_3_init
 .text.GPIO_4_init
                0x0000991c        0xa ./board/peripherals.o
                0x0000991c                GPIO_4_init
 .text.GPIO_5_init
                0x00009926        0xa ./board/peripherals.o
                0x00009926                GPIO_5_init
 .text.I2C_1_init
                0x00009930       0x24 ./board/peripherals.o
                0x00009930                I2C_1_init
 .text.PIT_1_init
                0x00009954       0xbc ./board/peripherals.o
                0x00009954                PIT_1_init
 .text.LPSCI_1_init
                0x00009a10       0x20 ./board/peripherals.o
                0x00009a10                LPSCI_1_init
 .text.UART_1_init
                0x00009a30       0x24 ./board/peripherals.o
                0x00009a30                UART_1_init
 .text.BOARD_InitPeripherals
                0x00009a54       0x36 ./board/peripherals.o
                0x00009a54                BOARD_InitPeripherals
 .text.BOARD_InitBootPeripherals
                0x00009a8a        0xe ./board/peripherals.o
                0x00009a8a                BOARD_InitBootPeripherals
 .text.CLOCK_EnableClock
                0x00009a98       0x34 ./board/pin_mux.o
 .text.PORT_SetPinMux
                0x00009acc       0x40 ./board/pin_mux.o
 .text.PORT_SetPinInterruptConfig
                0x00009b0c       0x40 ./board/pin_mux.o
 .text.BOARD_InitBootPins
                0x00009b4c        0xe ./board/pin_mux.o
                0x00009b4c                BOARD_InitBootPins
 *fill*         0x00009b5a        0x2 ff
 .text.BOARD_InitPins
                0x00009b5c      0x3a0 ./board/pin_mux.o
                0x00009b5c                BOARD_InitPins
 .text.SystemInit
                0x00009efc       0x3c ./CMSIS/system_MKL16Z4.o
                0x00009efc                SystemInit
 .text          0x00009f38      0x114 c:/nxp/mcuxpressoide_10.2.0_759/ide/tools/bin/../lib/gcc/arm-none-eabi/7.2.1/thumb/v6-m\libgcc.a(_udivsi3.o)
                0x00009f38                __aeabi_uidiv
                0x00009f38                __udivsi3
                0x0000a044                __aeabi_uidivmod
 .text          0x0000a04c      0x1d4 c:/nxp/mcuxpressoide_10.2.0_759/ide/tools/bin/../lib/gcc/arm-none-eabi/7.2.1/thumb/v6-m\libgcc.a(_divsi3.o)
                0x0000a04c                __divsi3
                0x0000a04c                __aeabi_idiv
                0x0000a218                __aeabi_idivmod
 .text          0x0000a220        0x4 c:/nxp/mcuxpressoide_10.2.0_759/ide/tools/bin/../lib/gcc/arm-none-eabi/7.2.1/thumb/v6-m\libgcc.a(_dvmd_tls.o)
                0x0000a220                __aeabi_idiv0
                0x0000a220                __aeabi_ldiv0
 .text          0x0000a224       0x7c c:/nxp/mcuxpressoide_10.2.0_759/ide/tools/bin/../lib/gcc/arm-none-eabi/7.2.1/thumb/v6-m\libgcc.a(_arm_cmpdf2.o)
                0x0000a224                __aeabi_cdrcmple
                0x0000a234                __aeabi_cdcmple
                0x0000a234                __aeabi_cdcmpeq
                0x0000a244                __aeabi_dcmpeq
                0x0000a250                __aeabi_dcmplt
                0x0000a264                __aeabi_dcmple
                0x0000a278                __aeabi_dcmpgt
                0x0000a28c                __aeabi_dcmpge
 .text          0x0000a2a0       0x40 c:/nxp/mcuxpressoide_10.2.0_759/ide/tools/bin/../lib/gcc/arm-none-eabi/7.2.1/thumb/v6-m\libgcc.a(_aeabi_uldivmod.o)
                0x0000a2a0                __aeabi_uldivmod
 .text          0x0000a2e0       0x54 c:/nxp/mcuxpressoide_10.2.0_759/ide/tools/bin/../lib/gcc/arm-none-eabi/7.2.1/thumb/v6-m\libgcc.a(_muldi3.o)
                0x0000a2e0                __muldi3
                0x0000a2e0                __aeabi_lmul
 .text          0x0000a334      0x184 c:/nxp/mcuxpressoide_10.2.0_759/ide/tools/bin/../lib/gcc/arm-none-eabi/7.2.1/thumb/v6-m\libgcc.a(_udivmoddi4.o)
                0x0000a334                __udivmoddi4
 .text          0x0000a4b8      0x334 c:/nxp/mcuxpressoide_10.2.0_759/ide/tools/bin/../lib/gcc/arm-none-eabi/7.2.1/thumb/v6-m\libgcc.a(addsf3.o)
                0x0000a4b8                __aeabi_fadd
 .text          0x0000a7ec      0x224 c:/nxp/mcuxpressoide_10.2.0_759/ide/tools/bin/../lib/gcc/arm-none-eabi/7.2.1/thumb/v6-m\libgcc.a(divsf3.o)
                0x0000a7ec                __aeabi_fdiv
 .text          0x0000aa10      0x264 c:/nxp/mcuxpressoide_10.2.0_759/ide/tools/bin/../lib/gcc/arm-none-eabi/7.2.1/thumb/v6-m\libgcc.a(mulsf3.o)
                0x0000aa10                __aeabi_fmul
 .text          0x0000ac74      0x388 c:/nxp/mcuxpressoide_10.2.0_759/ide/tools/bin/../lib/gcc/arm-none-eabi/7.2.1/thumb/v6-m\libgcc.a(subsf3.o)
                0x0000ac74                __aeabi_fsub
 .text          0x0000affc       0x94 c:/nxp/mcuxpressoide_10.2.0_759/ide/tools/bin/../lib/gcc/arm-none-eabi/7.2.1/thumb/v6-m\libgcc.a(floatsisf.o)
                0x0000affc                __aeabi_i2f
 .text          0x0000b090       0x80 c:/nxp/mcuxpressoide_10.2.0_759/ide/tools/bin/../lib/gcc/arm-none-eabi/7.2.1/thumb/v6-m\libgcc.a(floatunsisf.o)
                0x0000b090                __aeabi_ui2f
 .text          0x0000b110      0x638 c:/nxp/mcuxpressoide_10.2.0_759/ide/tools/bin/../lib/gcc/arm-none-eabi/7.2.1/thumb/v6-m\libgcc.a(adddf3.o)
                0x0000b110                __aeabi_dadd
 .text          0x0000b748      0x604 c:/nxp/mcuxpressoide_10.2.0_759/ide/tools/bin/../lib/gcc/arm-none-eabi/7.2.1/thumb/v6-m\libgcc.a(divdf3.o)
                0x0000b748                __aeabi_ddiv
 .text          0x0000bd4c       0x78 c:/nxp/mcuxpressoide_10.2.0_759/ide/tools/bin/../lib/gcc/arm-none-eabi/7.2.1/thumb/v6-m\libgcc.a(eqdf2.o)
                0x0000bd4c                __nedf2
                0x0000bd4c                __eqdf2
 .text          0x0000bdc4       0xc8 c:/nxp/mcuxpressoide_10.2.0_759/ide/tools/bin/../lib/gcc/arm-none-eabi/7.2.1/thumb/v6-m\libgcc.a(gedf2.o)
                0x0000bdc4                __gedf2
                0x0000bdc4                __gtdf2
 .text          0x0000be8c       0xd0 c:/nxp/mcuxpressoide_10.2.0_759/ide/tools/bin/../lib/gcc/arm-none-eabi/7.2.1/thumb/v6-m\libgcc.a(ledf2.o)
                0x0000be8c                __ledf2
                0x0000be8c                __ltdf2
 .text          0x0000bf5c      0x4e4 c:/nxp/mcuxpressoide_10.2.0_759/ide/tools/bin/../lib/gcc/arm-none-eabi/7.2.1/thumb/v6-m\libgcc.a(muldf3.o)
                0x0000bf5c                __aeabi_dmul
 .text          0x0000c440      0x690 c:/nxp/mcuxpressoide_10.2.0_759/ide/tools/bin/../lib/gcc/arm-none-eabi/7.2.1/thumb/v6-m\libgcc.a(subdf3.o)
                0x0000c440                __aeabi_dsub
 .text          0x0000cad0       0x6c c:/nxp/mcuxpressoide_10.2.0_759/ide/tools/bin/../lib/gcc/arm-none-eabi/7.2.1/thumb/v6-m\libgcc.a(fixdfsi.o)
                0x0000cad0                __aeabi_d2iz
 .text          0x0000cb3c       0x74 c:/nxp/mcuxpressoide_10.2.0_759/ide/tools/bin/../lib/gcc/arm-none-eabi/7.2.1/thumb/v6-m\libgcc.a(floatsidf.o)
                0x0000cb3c                __aeabi_i2d
 .text          0x0000cbb0       0x64 c:/nxp/mcuxpressoide_10.2.0_759/ide/tools/bin/../lib/gcc/arm-none-eabi/7.2.1/thumb/v6-m\libgcc.a(floatunsidf.o)
                0x0000cbb0                __aeabi_ui2d
 .text          0x0000cc14       0xa4 c:/nxp/mcuxpressoide_10.2.0_759/ide/tools/bin/../lib/gcc/arm-none-eabi/7.2.1/thumb/v6-m\libgcc.a(extendsfdf2.o)
                0x0000cc14                __aeabi_f2d
 .text          0x0000ccb8      0x108 c:/nxp/mcuxpressoide_10.2.0_759/ide/tools/bin/../lib/gcc/arm-none-eabi/7.2.1/thumb/v6-m\libgcc.a(truncdfsf2.o)
                0x0000ccb8                __aeabi_d2f
 .text          0x0000cdc0       0x3c c:/nxp/mcuxpressoide_10.2.0_759/ide/tools/bin/../lib/gcc/arm-none-eabi/7.2.1/thumb/v6-m\libgcc.a(_clzsi2.o)
                0x0000cdc0                __clzsi2
 .text          0x0000cdfc       0x18 c:/nxp/mcuxpressoide_10.2.0_759/ide/tools/bin/../lib/gcc/arm-none-eabi/7.2.1/thumb/v6-m\libgcc.a(_clzdi2.o)
                0x0000cdfc                __clzdi2
 .text.malloc   0x0000ce14       0x14 c:/nxp/mcuxpressoide_10.2.0_759/ide/tools/bin/../lib/gcc/arm-none-eabi/7.2.1/../../../../arm-none-eabi/lib/thumb/v6-m\libc_nano.a(lib_a-malloc.o)
                0x0000ce14                malloc
 .text.memcpy   0x0000ce28       0x12 c:/nxp/mcuxpressoide_10.2.0_759/ide/tools/bin/../lib/gcc/arm-none-eabi/7.2.1/../../../../arm-none-eabi/lib/thumb/v6-m\libc_nano.a(lib_a-memcpy-stub.o)
                0x0000ce28                memcpy
 .text.memset   0x0000ce3a       0x10 c:/nxp/mcuxpressoide_10.2.0_759/ide/tools/bin/../lib/gcc/arm-none-eabi/7.2.1/../../../../arm-none-eabi/lib/thumb/v6-m\libc_nano.a(lib_a-memset.o)
                0x0000ce3a                memset
 *fill*         0x0000ce4a        0x2 ff
 .text._free_r  0x0000ce4c       0x94 c:/nxp/mcuxpressoide_10.2.0_759/ide/tools/bin/../lib/gcc/arm-none-eabi/7.2.1/../../../../arm-none-eabi/lib/thumb/v6-m\libc_nano.a(lib_a-nano-freer.o)
                0x0000ce4c                _free_r
 .text._malloc_r
                0x0000cee0       0xbc c:/nxp/mcuxpressoide_10.2.0_759/ide/tools/bin/../lib/gcc/arm-none-eabi/7.2.1/../../../../arm-none-eabi/lib/thumb/v6-m\libc_nano.a(lib_a-nano-mallocr.o)
                0x0000cee0                _malloc_r
 .text.__cvt    0x0000cf9c       0xc8 c:/nxp/mcuxpressoide_10.2.0_759/ide/tools/bin/../lib/gcc/arm-none-eabi/7.2.1/../../../../arm-none-eabi/lib/thumb/v6-m\libc_nano.a(lib_a-nano-vfprintf_float.o)
                0x0000cf9c                __cvt
 .text.__exponent
                0x0000d064       0x70 c:/nxp/mcuxpressoide_10.2.0_759/ide/tools/bin/../lib/gcc/arm-none-eabi/7.2.1/../../../../arm-none-eabi/lib/thumb/v6-m\libc_nano.a(lib_a-nano-vfprintf_float.o)
                0x0000d064                __exponent
 .text._printf_float
                0x0000d0d4      0x498 c:/nxp/mcuxpressoide_10.2.0_759/ide/tools/bin/../lib/gcc/arm-none-eabi/7.2.1/../../../../arm-none-eabi/lib/thumb/v6-m\libc_nano.a(lib_a-nano-vfprintf_float.o)
                0x0000d0d4                _printf_float
 .text._printf_common
                0x0000d56c       0xda c:/nxp/mcuxpressoide_10.2.0_759/ide/tools/bin/../lib/gcc/arm-none-eabi/7.2.1/../../../../arm-none-eabi/lib/thumb/v6-m\libc_nano.a(lib_a-nano-vfprintf_i.o)
                0x0000d56c                _printf_common
 *fill*         0x0000d646        0x2 ff
 .text._printf_i
                0x0000d648      0x210 c:/nxp/mcuxpressoide_10.2.0_759/ide/tools/bin/../lib/gcc/arm-none-eabi/7.2.1/../../../../arm-none-eabi/lib/thumb/v6-m\libc_nano.a(lib_a-nano-vfprintf_i.o)
                0x0000d648                _printf_i
 .text._sbrk_r  0x0000d858       0x24 c:/nxp/mcuxpressoide_10.2.0_759/ide/tools/bin/../lib/gcc/arm-none-eabi/7.2.1/../../../../arm-none-eabi/lib/thumb/v6-m\libc_nano.a(lib_a-sbrkr.o)
                0x0000d858                _sbrk_r
 .text.snprintf
                0x0000d87c       0x64 c:/nxp/mcuxpressoide_10.2.0_759/ide/tools/bin/../lib/gcc/arm-none-eabi/7.2.1/../../../../arm-none-eabi/lib/thumb/v6-m\libc_nano.a(lib_a-snprintf.o)
                0x0000d87c                sniprintf
                0x0000d87c                snprintf
 .text.sprintf  0x0000d8e0       0x40 c:/nxp/mcuxpressoide_10.2.0_759/ide/tools/bin/../lib/gcc/arm-none-eabi/7.2.1/../../../../arm-none-eabi/lib/thumb/v6-m\libc_nano.a(lib_a-sprintf.o)
                0x0000d8e0                siprintf
                0x0000d8e0                sprintf
 .text.sscanf   0x0000d920       0x50 c:/nxp/mcuxpressoide_10.2.0_759/ide/tools/bin/../lib/gcc/arm-none-eabi/7.2.1/../../../../arm-none-eabi/lib/thumb/v6-m\libc_nano.a(lib_a-sscanf.o)
                0x0000d920                siscanf
                0x0000d920                sscanf
 .text.__seofread
                0x0000d970        0x4 c:/nxp/mcuxpressoide_10.2.0_759/ide/tools/bin/../lib/gcc/arm-none-eabi/7.2.1/../../../../arm-none-eabi/lib/thumb/v6-m\libc_nano.a(lib_a-stdio.o)
                0x0000d970                __seofread
 .text.strcpy   0x0000d974       0x10 c:/nxp/mcuxpressoide_10.2.0_759/ide/tools/bin/../lib/gcc/arm-none-eabi/7.2.1/../../../../arm-none-eabi/lib/thumb/v6-m\libc_nano.a(lib_a-strcpy.o)
                0x0000d974                strcpy
 .text          0x0000d984        0xe c:/nxp/mcuxpressoide_10.2.0_759/ide/tools/bin/../lib/gcc/arm-none-eabi/7.2.1/../../../../arm-none-eabi/lib/thumb/v6-m\libc_nano.a(lib_a-strlen.o)
                0x0000d984                strlen
 .text.strncmp  0x0000d992       0x22 c:/nxp/mcuxpressoide_10.2.0_759/ide/tools/bin/../lib/gcc/arm-none-eabi/7.2.1/../../../../arm-none-eabi/lib/thumb/v6-m\libc_nano.a(lib_a-strncmp.o)
                0x0000d992                strncmp
 .text.strncpy  0x0000d9b4       0x28 c:/nxp/mcuxpressoide_10.2.0_759/ide/tools/bin/../lib/gcc/arm-none-eabi/7.2.1/../../../../arm-none-eabi/lib/thumb/v6-m\libc_nano.a(lib_a-strncpy.o)
                0x0000d9b4                strncpy
 .text.strstr   0x0000d9dc       0x32 c:/nxp/mcuxpressoide_10.2.0_759/ide/tools/bin/../lib/gcc/arm-none-eabi/7.2.1/../../../../arm-none-eabi/lib/thumb/v6-m\libc_nano.a(lib_a-strstr.o)
                0x0000d9dc                strstr
 *fill*         0x0000da0e        0x2 ff
 .text.strtok   0x0000da10       0x50 c:/nxp/mcuxpressoide_10.2.0_759/ide/tools/bin/../lib/gcc/arm-none-eabi/7.2.1/../../../../arm-none-eabi/lib/thumb/v6-m\libc_nano.a(lib_a-strtok.o)
                0x0000da10                strtok
 .text.__strtok_r
                0x0000da60       0x5a c:/nxp/mcuxpressoide_10.2.0_759/ide/tools/bin/../lib/gcc/arm-none-eabi/7.2.1/../../../../arm-none-eabi/lib/thumb/v6-m\libc_nano.a(lib_a-strtok_r.o)
                0x0000da60                __strtok_r
 .text.quorem   0x0000daba      0x10c c:/nxp/mcuxpressoide_10.2.0_759/ide/tools/bin/../lib/gcc/arm-none-eabi/7.2.1/../../../../arm-none-eabi/lib/thumb/v6-m\libc_nano.a(lib_a-dtoa.o)
 *fill*         0x0000dbc6        0x2 ff
 .text._dtoa_r  0x0000dbc8      0xbc0 c:/nxp/mcuxpressoide_10.2.0_759/ide/tools/bin/../lib/gcc/arm-none-eabi/7.2.1/../../../../arm-none-eabi/lib/thumb/v6-m\libc_nano.a(lib_a-dtoa.o)
                0x0000dbc8                _dtoa_r
 .text._localeconv_r
                0x0000e788       0x18 c:/nxp/mcuxpressoide_10.2.0_759/ide/tools/bin/../lib/gcc/arm-none-eabi/7.2.1/../../../../arm-none-eabi/lib/thumb/v6-m\libc_nano.a(lib_a-localeconv.o)
                0x0000e788                _localeconv_r
 .text.memchr   0x0000e7a0       0x16 c:/nxp/mcuxpressoide_10.2.0_759/ide/tools/bin/../lib/gcc/arm-none-eabi/7.2.1/../../../../arm-none-eabi/lib/thumb/v6-m\libc_nano.a(lib_a-memchr-stub.o)
                0x0000e7a0                memchr
 .text.__malloc_lock
                0x0000e7b6        0x2 c:/nxp/mcuxpressoide_10.2.0_759/ide/tools/bin/../lib/gcc/arm-none-eabi/7.2.1/../../../../arm-none-eabi/lib/thumb/v6-m\libc_nano.a(lib_a-mlock.o)
                0x0000e7b6                __malloc_lock
 .text.__malloc_unlock
                0x0000e7b8        0x2 c:/nxp/mcuxpressoide_10.2.0_759/ide/tools/bin/../lib/gcc/arm-none-eabi/7.2.1/../../../../arm-none-eabi/lib/thumb/v6-m\libc_nano.a(lib_a-mlock.o)
                0x0000e7b8                __malloc_unlock
 .text._Balloc  0x0000e7ba       0x70 c:/nxp/mcuxpressoide_10.2.0_759/ide/tools/bin/../lib/gcc/arm-none-eabi/7.2.1/../../../../arm-none-eabi/lib/thumb/v6-m\libc_nano.a(lib_a-mprec.o)
                0x0000e7ba                _Balloc
 .text._Bfree   0x0000e82a       0x32 c:/nxp/mcuxpressoide_10.2.0_759/ide/tools/bin/../lib/gcc/arm-none-eabi/7.2.1/../../../../arm-none-eabi/lib/thumb/v6-m\libc_nano.a(lib_a-mprec.o)
                0x0000e82a                _Bfree
 .text.__multadd
                0x0000e85c       0x7c c:/nxp/mcuxpressoide_10.2.0_759/ide/tools/bin/../lib/gcc/arm-none-eabi/7.2.1/../../../../arm-none-eabi/lib/thumb/v6-m\libc_nano.a(lib_a-mprec.o)
                0x0000e85c                __multadd
 .text.__hi0bits
                0x0000e8d8       0x34 c:/nxp/mcuxpressoide_10.2.0_759/ide/tools/bin/../lib/gcc/arm-none-eabi/7.2.1/../../../../arm-none-eabi/lib/thumb/v6-m\libc_nano.a(lib_a-mprec.o)
                0x0000e8d8                __hi0bits
 .text.__lo0bits
                0x0000e90c       0x5e c:/nxp/mcuxpressoide_10.2.0_759/ide/tools/bin/../lib/gcc/arm-none-eabi/7.2.1/../../../../arm-none-eabi/lib/thumb/v6-m\libc_nano.a(lib_a-mprec.o)
                0x0000e90c                __lo0bits
 .text.__i2b    0x0000e96a       0x12 c:/nxp/mcuxpressoide_10.2.0_759/ide/tools/bin/../lib/gcc/arm-none-eabi/7.2.1/../../../../arm-none-eabi/lib/thumb/v6-m\libc_nano.a(lib_a-mprec.o)
                0x0000e96a                __i2b
 .text.__multiply
                0x0000e97c      0x11e c:/nxp/mcuxpressoide_10.2.0_759/ide/tools/bin/../lib/gcc/arm-none-eabi/7.2.1/../../../../arm-none-eabi/lib/thumb/v6-m\libc_nano.a(lib_a-mprec.o)
                0x0000e97c                __multiply
 *fill*         0x0000ea9a        0x2 ff
 .text.__pow5mult
                0x0000ea9c       0xa4 c:/nxp/mcuxpressoide_10.2.0_759/ide/tools/bin/../lib/gcc/arm-none-eabi/7.2.1/../../../../arm-none-eabi/lib/thumb/v6-m\libc_nano.a(lib_a-mprec.o)
                0x0000ea9c                __pow5mult
 .text.__lshift
                0x0000eb40       0xa4 c:/nxp/mcuxpressoide_10.2.0_759/ide/tools/bin/../lib/gcc/arm-none-eabi/7.2.1/../../../../arm-none-eabi/lib/thumb/v6-m\libc_nano.a(lib_a-mprec.o)
                0x0000eb40                __lshift
 .text.__mcmp   0x0000ebe4       0x34 c:/nxp/mcuxpressoide_10.2.0_759/ide/tools/bin/../lib/gcc/arm-none-eabi/7.2.1/../../../../arm-none-eabi/lib/thumb/v6-m\libc_nano.a(lib_a-mprec.o)
                0x0000ebe4                __mcmp
 .text.__mdiff  0x0000ec18       0xc8 c:/nxp/mcuxpressoide_10.2.0_759/ide/tools/bin/../lib/gcc/arm-none-eabi/7.2.1/../../../../arm-none-eabi/lib/thumb/v6-m\libc_nano.a(lib_a-mprec.o)
                0x0000ec18                __mdiff
 .text.__d2b    0x0000ece0       0xa8 c:/nxp/mcuxpressoide_10.2.0_759/ide/tools/bin/../lib/gcc/arm-none-eabi/7.2.1/../../../../arm-none-eabi/lib/thumb/v6-m\libc_nano.a(lib_a-mprec.o)
                0x0000ece0                __d2b
 .text._calloc_r
                0x0000ed88       0x1c c:/nxp/mcuxpressoide_10.2.0_759/ide/tools/bin/../lib/gcc/arm-none-eabi/7.2.1/../../../../arm-none-eabi/lib/thumb/v6-m\libc_nano.a(lib_a-nano-callocr.o)
                0x0000ed88                _calloc_r
 .text.__ssputs_r
                0x0000eda4       0xc4 c:/nxp/mcuxpressoide_10.2.0_759/ide/tools/bin/../lib/gcc/arm-none-eabi/7.2.1/../../../../arm-none-eabi/lib/thumb/v6-m\libc_nano.a(lib_a-nano-svfprintf.o)
                0x0000eda4                __ssputs_r
 .text._svfprintf_r
                0x0000ee68      0x1fc c:/nxp/mcuxpressoide_10.2.0_759/ide/tools/bin/../lib/gcc/arm-none-eabi/7.2.1/../../../../arm-none-eabi/lib/thumb/v6-m\libc_nano.a(lib_a-nano-svfprintf.o)
                0x0000ee68                _svfiprintf_r
                0x0000ee68                _svfprintf_r
 .text._sungetc_r
                0x0000f064       0x78 c:/nxp/mcuxpressoide_10.2.0_759/ide/tools/bin/../lib/gcc/arm-none-eabi/7.2.1/../../../../arm-none-eabi/lib/thumb/v6-m\libc_nano.a(lib_a-nano-svfscanf.o)
                0x0000f064                _sungetc_r
 .text.__ssrefill_r
                0x0000f0dc       0x3e c:/nxp/mcuxpressoide_10.2.0_759/ide/tools/bin/../lib/gcc/arm-none-eabi/7.2.1/../../../../arm-none-eabi/lib/thumb/v6-m\libc_nano.a(lib_a-nano-svfscanf.o)
                0x0000f0dc                __ssrefill_r
 *fill*         0x0000f11a        0x2 ff
 .text.__ssvfscanf_r
                0x0000f11c      0x2fc c:/nxp/mcuxpressoide_10.2.0_759/ide/tools/bin/../lib/gcc/arm-none-eabi/7.2.1/../../../../arm-none-eabi/lib/thumb/v6-m\libc_nano.a(lib_a-nano-svfscanf.o)
                0x0000f11c                __ssvfiscanf_r
                0x0000f11c                __ssvfscanf_r
 .text._scanf_chars
                0x0000f418       0xca c:/nxp/mcuxpressoide_10.2.0_759/ide/tools/bin/../lib/gcc/arm-none-eabi/7.2.1/../../../../arm-none-eabi/lib/thumb/v6-m\libc_nano.a(lib_a-nano-vfscanf_i.o)
                0x0000f418                _scanf_chars
 *fill*         0x0000f4e2        0x2 ff
 .text._scanf_i
                0x0000f4e4      0x204 c:/nxp/mcuxpressoide_10.2.0_759/ide/tools/bin/../lib/gcc/arm-none-eabi/7.2.1/../../../../arm-none-eabi/lib/thumb/v6-m\libc_nano.a(lib_a-nano-vfscanf_i.o)
                0x0000f4e4                _scanf_i
 .text.__sccl   0x0000f6e8       0x60 c:/nxp/mcuxpressoide_10.2.0_759/ide/tools/bin/../lib/gcc/arm-none-eabi/7.2.1/../../../../arm-none-eabi/lib/thumb/v6-m\libc_nano.a(lib_a-sccl.o)
                0x0000f6e8                __sccl
 .text._strtol_l.isra.0
                0x0000f748      0x104 c:/nxp/mcuxpressoide_10.2.0_759/ide/tools/bin/../lib/gcc/arm-none-eabi/7.2.1/../../../../arm-none-eabi/lib/thumb/v6-m\libc_nano.a(lib_a-strtol.o)
 .text._strtol_r
                0x0000f84c       0x20 c:/nxp/mcuxpressoide_10.2.0_759/ide/tools/bin/../lib/gcc/arm-none-eabi/7.2.1/../../../../arm-none-eabi/lib/thumb/v6-m\libc_nano.a(lib_a-strtol.o)
                0x0000f84c                _strtol_r
 .text._strtoul_l.isra.0
                0x0000f86c      0x106 c:/nxp/mcuxpressoide_10.2.0_759/ide/tools/bin/../lib/gcc/arm-none-eabi/7.2.1/../../../../arm-none-eabi/lib/thumb/v6-m\libc_nano.a(lib_a-strtoul.o)
 *fill*         0x0000f972        0x2 ff
 .text._strtoul_r
                0x0000f974       0x20 c:/nxp/mcuxpressoide_10.2.0_759/ide/tools/bin/../lib/gcc/arm-none-eabi/7.2.1/../../../../arm-none-eabi/lib/thumb/v6-m\libc_nano.a(lib_a-strtoul.o)
                0x0000f974                _strtoul_r
 .text.__submore
                0x0000f994       0x7c c:/nxp/mcuxpressoide_10.2.0_759/ide/tools/bin/../lib/gcc/arm-none-eabi/7.2.1/../../../../arm-none-eabi/lib/thumb/v6-m\libc_nano.a(lib_a-ungetc.o)
                0x0000f994                __submore
 .text.__locale_ctype_ptr_l
                0x0000fa10        0x6 c:/nxp/mcuxpressoide_10.2.0_759/ide/tools/bin/../lib/gcc/arm-none-eabi/7.2.1/../../../../arm-none-eabi/lib/thumb/v6-m\libc_nano.a(lib_a-locale.o)
                0x0000fa10                __locale_ctype_ptr_l
 *fill*         0x0000fa16        0x2 ff
 .text.__locale_ctype_ptr
                0x0000fa18       0x1c c:/nxp/mcuxpressoide_10.2.0_759/ide/tools/bin/../lib/gcc/arm-none-eabi/7.2.1/../../../../arm-none-eabi/lib/thumb/v6-m\libc_nano.a(lib_a-locale.o)
                0x0000fa18                __locale_ctype_ptr
 .text.__ascii_mbtowc
                0x0000fa34       0x24 c:/nxp/mcuxpressoide_10.2.0_759/ide/tools/bin/../lib/gcc/arm-none-eabi/7.2.1/../../../../arm-none-eabi/lib/thumb/v6-m\libc_nano.a(lib_a-mbtowc_r.o)
                0x0000fa34                __ascii_mbtowc
 .text.memmove  0x0000fa58       0x26 c:/nxp/mcuxpressoide_10.2.0_759/ide/tools/bin/../lib/gcc/arm-none-eabi/7.2.1/../../../../arm-none-eabi/lib/thumb/v6-m\libc_nano.a(lib_a-memmove.o)
                0x0000fa58                memmove
 .text._realloc_r
                0x0000fa7e       0x4c c:/nxp/mcuxpressoide_10.2.0_759/ide/tools/bin/../lib/gcc/arm-none-eabi/7.2.1/../../../../arm-none-eabi/lib/thumb/v6-m\libc_nano.a(lib_a-nano-reallocr.o)
                0x0000fa7e                _realloc_r
 .text.__ascii_wctomb
                0x0000faca       0x18 c:/nxp/mcuxpressoide_10.2.0_759/ide/tools/bin/../lib/gcc/arm-none-eabi/7.2.1/../../../../arm-none-eabi/lib/thumb/v6-m\libc_nano.a(lib_a-wctomb_r.o)
                0x0000faca                __ascii_wctomb
 .text._malloc_usable_size_r
                0x0000fae2       0x10 c:/nxp/mcuxpressoide_10.2.0_759/ide/tools/bin/../lib/gcc/arm-none-eabi/7.2.1/../../../../arm-none-eabi/lib/thumb/v6-m\libc_nano.a(lib_a-nano-msizer.o)
                0x0000fae2                _malloc_usable_size_r
 *fill*         0x0000faf2        0x2 ff
 .text.log10    0x0000faf4      0x118 c:/nxp/mcuxpressoide_10.2.0_759/ide/tools/bin/../lib/gcc/arm-none-eabi/7.2.1/../../../../arm-none-eabi/lib/thumb/v6-m\libm.a(lib_a-w_log10.o)
                0x0000faf4                log10
 .text.sqrt     0x0000fc0c       0xc0 c:/nxp/mcuxpressoide_10.2.0_759/ide/tools/bin/../lib/gcc/arm-none-eabi/7.2.1/../../../../arm-none-eabi/lib/thumb/v6-m\libm.a(lib_a-w_sqrt.o)
                0x0000fc0c                sqrt
 .text.__ieee754_log10
                0x0000fccc      0x124 c:/nxp/mcuxpressoide_10.2.0_759/ide/tools/bin/../lib/gcc/arm-none-eabi/7.2.1/../../../../arm-none-eabi/lib/thumb/v6-m\libm.a(lib_a-e_log10.o)
                0x0000fccc                __ieee754_log10
 .text.__ieee754_sqrt
                0x0000fdf0      0x1b0 c:/nxp/mcuxpressoide_10.2.0_759/ide/tools/bin/../lib/gcc/arm-none-eabi/7.2.1/../../../../arm-none-eabi/lib/thumb/v6-m\libm.a(lib_a-e_sqrt.o)
                0x0000fdf0                __ieee754_sqrt
 .text.matherr  0x0000ffa0        0x4 c:/nxp/mcuxpressoide_10.2.0_759/ide/tools/bin/../lib/gcc/arm-none-eabi/7.2.1/../../../../arm-none-eabi/lib/thumb/v6-m\libm.a(lib_a-s_matherr.o)
                0x0000ffa0                matherr
 .text.nan      0x0000ffa4        0xc c:/nxp/mcuxpressoide_10.2.0_759/ide/tools/bin/../lib/gcc/arm-none-eabi/7.2.1/../../../../arm-none-eabi/lib/thumb/v6-m\libm.a(lib_a-s_nan.o)
                0x0000ffa4                nan
 .text.__ieee754_log
                0x0000ffb0      0x3ac c:/nxp/mcuxpressoide_10.2.0_759/ide/tools/bin/../lib/gcc/arm-none-eabi/7.2.1/../../../../arm-none-eabi/lib/thumb/v6-m\libm.a(lib_a-e_log.o)
                0x0000ffb0                __ieee754_log
 .text._sbrk    0x0001035c       0x40 c:/nxp/mcuxpressoide_10.2.0_759/ide/tools/bin/../lib/gcc/arm-none-eabi/7.2.1/../../../../arm-none-eabi/lib/thumb/v6-m\libcr_newlib_nohost.a(_cr_sbrk.o)
                0x0001035c                _sbrk
 .text.__check_heap_overflow
                0x0001039c       0x14 c:/nxp/mcuxpressoide_10.2.0_759/ide/tools/bin/../lib/gcc/arm-none-eabi/7.2.1/../../../../arm-none-eabi/lib/thumb/v6-m\libcr_newlib_nohost.a(_cr_check_heap.o)
                0x0001039c                __check_heap_overflow
 .text          0x000103b0       0x14 c:/nxp/mcuxpressoide_10.2.0_759/ide/tools/bin/../lib/gcc/arm-none-eabi/7.2.1/thumb/v6-m\libgcc.a(_thumb1_case_uqi.o)
                0x000103b0                __gnu_thumb1_case_uqi
 .text          0x000103c4       0x38 c:/nxp/mcuxpressoide_10.2.0_759/ide/tools/bin/../lib/gcc/arm-none-eabi/7.2.1/thumb/v6-m\libgcc.a(unorddf2.o)
                0x000103c4                __aeabi_dcmpun
 .text.__errno  0x000103fc        0xc c:/nxp/mcuxpressoide_10.2.0_759/ide/tools/bin/../lib/gcc/arm-none-eabi/7.2.1/../../../../arm-none-eabi/lib/thumb/v6-m\libc_nano.a(lib_a-errno.o)
                0x000103fc                __errno
 *(.rodata .rodata.* .constdata .constdata.*)
 .rodata        0x00010408       0x33 ./source/adc.o
 *fill*         0x0001043b        0x1 ff
 .rodata.__func__.7071
                0x0001043c       0x20 ./source/adc.o
 .rodata        0x0001045c       0xc6 ./source/adxl343.o
 *fill*         0x00010522        0x2 ff
 .rodata        0x00010524      0x150 ./source/application.o
 .rodata.application_run
                0x00010674       0x20 ./source/application.o
 .rodata.b64str.4287
                0x00010694       0x40 ./source/base64.o
 .rodata        0x000106d4      0x61d ./source/cli.o
 *fill*         0x00010cf1        0x3 ff
 .rodata.loginCommands
                0x00010cf4       0x30 ./source/cli.o
 .rodata.cliCommands
                0x00010d24      0x168 ./source/cli.o
 .rodata        0x00010e8c       0x29 ./source/cmp.o
 *fill*         0x00010eb5        0x3 ff
 .rodata        0x00010eb8       0x2b ./source/gpio.o
 *fill*         0x00010ee3        0x1 ff
 .rodata        0x00010ee4       0x2d ./source/hdc1080.o
 *fill*         0x00010f11        0x3 ff
 .rodata        0x00010f14      0x65e ./source/main.o
 *fill*         0x00011572        0x2 ff
 .rodata        0x00011574      0x267 ./source/packets.o
 *fill*         0x000117db        0x1 ff
 .rodata        0x000117dc       0x1d ./source/pit.o
 *fill*         0x000117f9        0x3 ff
 .rodata.__func__.5237
                0x000117fc       0x15 ./source/pit.o
 *fill*         0x00011811        0x3 ff
 .rodata        0x00011814      0x867 ./source/sim7000.o
 *fill*         0x0001207b        0x1 ff
 .rodata.myCustomRtcConfig
                0x0001207c        0xc ./source/sleep.o
                0x0001207c                myCustomRtcConfig
 .rodata.rtc_datetime_def
                0x00012088        0x8 ./source/sleep.o
                0x00012088                rtc_datetime_def
 .rodata        0x00012090       0x8d ./source/sleep.o
 *fill*         0x0001211d        0x3 ff
 .rodata.__func__.6526
                0x00012120       0x19 ./source/sleep.o
 *fill*         0x00012139        0x3 ff
 .rodata.__func__.6533
                0x0001213c       0x19 ./source/sleep.o
 *fill*         0x00012155        0x3 ff
 .rodata        0x00012158       0x69 ./drivers/fsl_adc16.o
 *fill*         0x000121c1        0x3 ff
 .rodata.__func__.5351
                0x000121c4       0x12 ./drivers/fsl_adc16.o
 *fill*         0x000121d6        0x2 ff
 .rodata.__func__.5356
                0x000121d8        0xb ./drivers/fsl_adc16.o
 *fill*         0x000121e3        0x1 ff
 .rodata.__func__.5364
                0x000121e4       0x17 ./drivers/fsl_adc16.o
 *fill*         0x000121fb        0x1 ff
 .rodata.__func__.5407
                0x000121fc       0x17 ./drivers/fsl_adc16.o
 *fill*         0x00012213        0x1 ff
 .rodata.__func__.5413
                0x00012214       0x1c ./drivers/fsl_adc16.o
 .rodata        0x00012230       0x47 ./drivers/fsl_clock.o
 *fill*         0x00012277        0x1 ff
 .rodata.CLOCK_GetFreq
                0x00012278       0x38 ./drivers/fsl_clock.o
 .rodata.__func__.5246
                0x000122b0       0x17 ./drivers/fsl_clock.o
 *fill*         0x000122c7        0x1 ff
 .rodata.__func__.5279
                0x000122c8       0x17 ./drivers/fsl_clock.o
 *fill*         0x000122df        0x1 ff
 .rodata.__func__.5287
                0x000122e0       0x16 ./drivers/fsl_clock.o
 *fill*         0x000122f6        0x2 ff
 .rodata.fllFactorTable.5347
                0x000122f8       0x10 ./drivers/fsl_clock.o
 .rodata.__func__.5362
                0x00012308       0x12 ./drivers/fsl_clock.o
 *fill*         0x0001231a        0x2 ff
 .rodata        0x0001231c       0x4b ./drivers/fsl_cmp.o
 *fill*         0x00012367        0x1 ff
 .rodata.__func__.5301
                0x00012368       0x10 ./drivers/fsl_cmp.o
 .rodata.__func__.5306
                0x00012378        0x9 ./drivers/fsl_cmp.o
 *fill*         0x00012381        0x3 ff
 .rodata.__func__.5314
                0x00012384       0x15 ./drivers/fsl_cmp.o
 *fill*         0x00012399        0x3 ff
 .rodata.s_portBases
                0x0001239c       0x14 ./drivers/fsl_gpio.o
 .rodata.s_gpioBases
                0x000123b0       0x14 ./drivers/fsl_gpio.o
 .rodata        0x000123c4       0x68 ./drivers/fsl_gpio.o
 .rodata.__func__.5291
                0x0001242c       0x11 ./drivers/fsl_gpio.o
 *fill*         0x0001243d        0x3 ff
 .rodata.__func__.5297
                0x00012440        0xd ./drivers/fsl_gpio.o
 *fill*         0x0001244d        0x3 ff
 .rodata.s_i2cDividerTable
                0x00012450       0x80 ./drivers/fsl_i2c.o
 .rodata.s_i2cBases
                0x000124d0        0x8 ./drivers/fsl_i2c.o
 .rodata.s_i2cClocks
                0x000124d8        0x8 ./drivers/fsl_i2c.o
 .rodata        0x000124e0       0xc6 ./drivers/fsl_i2c.o
 *fill*         0x000125a6        0x2 ff
 .rodata.__func__.5477
                0x000125a8       0x10 ./drivers/fsl_i2c.o
 .rodata.__func__.5533
                0x000125b8        0xf ./drivers/fsl_i2c.o
 *fill*         0x000125c7        0x1 ff
 .rodata.__func__.5639
                0x000125c8       0x1b ./drivers/fsl_i2c.o
 *fill*         0x000125e3        0x1 ff
 .rodata        0x000125e4       0xb2 ./drivers/fsl_lpsci.o
 *fill*         0x00012696        0x2 ff
 .rodata.__func__.5427
                0x00012698       0x12 ./drivers/fsl_lpsci.o
 *fill*         0x000126aa        0x2 ff
 .rodata.__func__.5463
                0x000126ac        0xb ./drivers/fsl_lpsci.o
 *fill*         0x000126b7        0x1 ff
 .rodata.__func__.5484
                0x000126b8       0x17 ./drivers/fsl_lpsci.o
 *fill*         0x000126cf        0x1 ff
 .rodata.__func__.5529
                0x000126d0       0x14 ./drivers/fsl_lpsci.o
 .rodata        0x000126e4       0x43 ./drivers/fsl_pit.o
 *fill*         0x00012727        0x1 ff
 .rodata.__func__.5294
                0x00012728       0x10 ./drivers/fsl_pit.o
 .rodata.__func__.5299
                0x00012738        0x9 ./drivers/fsl_pit.o
 *fill*         0x00012741        0x3 ff
 .rodata        0x00012744       0x62 ./drivers/fsl_rtc.o
 *fill*         0x000127a6        0x2 ff
 .rodata.__func__.5305
                0x000127a8       0x18 ./drivers/fsl_rtc.o
 .rodata.__func__.5310
                0x000127c0       0x1d ./drivers/fsl_rtc.o
 *fill*         0x000127dd        0x3 ff
 .rodata.__func__.5317
                0x000127e0       0x1d ./drivers/fsl_rtc.o
 *fill*         0x000127fd        0x3 ff
 .rodata.__func__.5333
                0x00012800        0x9 ./drivers/fsl_rtc.o
 *fill*         0x00012809        0x3 ff
 .rodata.__func__.5343
                0x0001280c       0x10 ./drivers/fsl_rtc.o
 .rodata.__func__.5348
                0x0001281c       0x10 ./drivers/fsl_rtc.o
 .rodata.__func__.5354
                0x0001282c        0xd ./drivers/fsl_rtc.o
 *fill*         0x00012839        0x3 ff
 .rodata        0x0001283c        0x2 ./drivers/fsl_smc.o
 *fill*         0x0001283e        0x2 ff
 .rodata.s_uartBases
                0x00012840        0xc ./drivers/fsl_uart.o
 .rodata.s_uartClock
                0x0001284c        0xc ./drivers/fsl_uart.o
 .rodata        0x00012858       0xaa ./drivers/fsl_uart.o
 *fill*         0x00012902        0x2 ff
 .rodata.__func__.5430
                0x00012904       0x11 ./drivers/fsl_uart.o
 *fill*         0x00012915        0x3 ff
 .rodata.__func__.5446
                0x00012918        0xa ./drivers/fsl_uart.o
 *fill*         0x00012922        0x2 ff
 .rodata.__func__.5459
                0x00012924       0x16 ./drivers/fsl_uart.o
 *fill*         0x0001293a        0x2 ff
 .rodata.simConfig_BOARD_BootClockRUN
                0x0001293c        0x8 ./board/clock_config.o
                0x0001293c                simConfig_BOARD_BootClockRUN
 .rodata.oscConfig_BOARD_BootClockRUN
                0x00012944        0x8 ./board/clock_config.o
                0x00012944                oscConfig_BOARD_BootClockRUN
 .rodata.ADC16_1_config
                0x0001294c        0x9 ./board/peripherals.o
                0x0001294c                ADC16_1_config
 *fill*         0x00012955        0x3 ff
 .rodata.CMP_1_config
                0x00012958        0x7 ./board/peripherals.o
                0x00012958                CMP_1_config
 *fill*         0x0001295f        0x1 ff
 .rodata.I2C_1_config
                0x00012960        0xc ./board/peripherals.o
                0x00012960                I2C_1_config
 .rodata.PIT_1_config
                0x0001296c        0x1 ./board/peripherals.o
                0x0001296c                PIT_1_config
 *fill*         0x0001296d        0x3 ff
 .rodata.LPSCI_1_config
                0x00012970        0x8 ./board/peripherals.o
                0x00012970                LPSCI_1_config
 .rodata.UART_1_config
                0x00012978        0x8 ./board/peripherals.o
                0x00012978                UART_1_config
 .rodata        0x00012980        0x2 ./board/pin_mux.o
 *fill*         0x00012982        0x2 ff
 .rodata        0x00012984       0x80 c:/nxp/mcuxpressoide_10.2.0_759/ide/tools/bin/../lib/gcc/arm-none-eabi/7.2.1/thumb/v6-m\libgcc.a(divsf3.o)
 .rodata        0x00012a04       0x40 c:/nxp/mcuxpressoide_10.2.0_759/ide/tools/bin/../lib/gcc/arm-none-eabi/7.2.1/thumb/v6-m\libgcc.a(mulsf3.o)
 .rodata        0x00012a44       0x40 c:/nxp/mcuxpressoide_10.2.0_759/ide/tools/bin/../lib/gcc/arm-none-eabi/7.2.1/thumb/v6-m\libgcc.a(divdf3.o)
 .rodata        0x00012a84       0x40 c:/nxp/mcuxpressoide_10.2.0_759/ide/tools/bin/../lib/gcc/arm-none-eabi/7.2.1/thumb/v6-m\libgcc.a(muldf3.o)
 .rodata._printf_float.str1.1
                0x00012ac4       0x10 c:/nxp/mcuxpressoide_10.2.0_759/ide/tools/bin/../lib/gcc/arm-none-eabi/7.2.1/../../../../arm-none-eabi/lib/thumb/v6-m\libc_nano.a(lib_a-nano-vfprintf_float.o)
                                 0x12 (size before relaxing)
 .rodata._printf_i.str1.1
                0x00012ad4       0x22 c:/nxp/mcuxpressoide_10.2.0_759/ide/tools/bin/../lib/gcc/arm-none-eabi/7.2.1/../../../../arm-none-eabi/lib/thumb/v6-m\libc_nano.a(lib_a-nano-vfprintf_i.o)
 .rodata._dtoa_r.str1.1
                0x00012af6        0xd c:/nxp/mcuxpressoide_10.2.0_759/ide/tools/bin/../lib/gcc/arm-none-eabi/7.2.1/../../../../arm-none-eabi/lib/thumb/v6-m\libc_nano.a(lib_a-dtoa.o)
                                  0xf (size before relaxing)
 *fill*         0x00012b03        0x5 ff
 .rodata.__mprec_bigtens
                0x00012b08       0x28 c:/nxp/mcuxpressoide_10.2.0_759/ide/tools/bin/../lib/gcc/arm-none-eabi/7.2.1/../../../../arm-none-eabi/lib/thumb/v6-m\libc_nano.a(lib_a-mprec.o)
                0x00012b08                __mprec_bigtens
 .rodata.__mprec_tens
                0x00012b30       0xc8 c:/nxp/mcuxpressoide_10.2.0_759/ide/tools/bin/../lib/gcc/arm-none-eabi/7.2.1/../../../../arm-none-eabi/lib/thumb/v6-m\libc_nano.a(lib_a-mprec.o)
                0x00012b30                __mprec_tens
 .rodata.p05.6084
                0x00012bf8        0xc c:/nxp/mcuxpressoide_10.2.0_759/ide/tools/bin/../lib/gcc/arm-none-eabi/7.2.1/../../../../arm-none-eabi/lib/thumb/v6-m\libc_nano.a(lib_a-mprec.o)
 .rodata._svfprintf_r.str1.1
                0x00012c04       0x11 c:/nxp/mcuxpressoide_10.2.0_759/ide/tools/bin/../lib/gcc/arm-none-eabi/7.2.1/../../../../arm-none-eabi/lib/thumb/v6-m\libc_nano.a(lib_a-nano-svfprintf.o)
 .rodata.__ssvfscanf_r.str1.1
                0x00012c15        0x4 c:/nxp/mcuxpressoide_10.2.0_759/ide/tools/bin/../lib/gcc/arm-none-eabi/7.2.1/../../../../arm-none-eabi/lib/thumb/v6-m\libc_nano.a(lib_a-nano-svfscanf.o)
 *fill*         0x00012c15        0x3 ff
 .rodata        0x00012c18        0xc c:/nxp/mcuxpressoide_10.2.0_759/ide/tools/bin/../lib/gcc/arm-none-eabi/7.2.1/../../../../arm-none-eabi/lib/thumb/v6-m\libc_nano.a(lib_a-nano-vfscanf_i.o)
 .rodata._scanf_i.str1.1
                0x00012c24       0x12 c:/nxp/mcuxpressoide_10.2.0_759/ide/tools/bin/../lib/gcc/arm-none-eabi/7.2.1/../../../../arm-none-eabi/lib/thumb/v6-m\libc_nano.a(lib_a-nano-vfscanf_i.o)
 .rodata.str1.1
                0x00012c36        0x9 c:/nxp/mcuxpressoide_10.2.0_759/ide/tools/bin/../lib/gcc/arm-none-eabi/7.2.1/../../../../arm-none-eabi/lib/thumb/v6-m\libc_nano.a(lib_a-nano-vfscanf_i.o)
 *fill*         0x00012c3f        0x1 ff
 .rodata.__sf_fake_stderr
                0x00012c40       0x20 c:/nxp/mcuxpressoide_10.2.0_759/ide/tools/bin/../lib/gcc/arm-none-eabi/7.2.1/../../../../arm-none-eabi/lib/thumb/v6-m\libc_nano.a(lib_a-findfp.o)
                0x00012c40                __sf_fake_stderr
 .rodata.__sf_fake_stdin
                0x00012c60       0x20 c:/nxp/mcuxpressoide_10.2.0_759/ide/tools/bin/../lib/gcc/arm-none-eabi/7.2.1/../../../../arm-none-eabi/lib/thumb/v6-m\libc_nano.a(lib_a-findfp.o)
                0x00012c60                __sf_fake_stdin
 .rodata.__sf_fake_stdout
                0x00012c80       0x20 c:/nxp/mcuxpressoide_10.2.0_759/ide/tools/bin/../lib/gcc/arm-none-eabi/7.2.1/../../../../arm-none-eabi/lib/thumb/v6-m\libc_nano.a(lib_a-findfp.o)
                0x00012c80                __sf_fake_stdout
 .rodata._setlocale_r.str1.1
                0x00012ca0        0x8 c:/nxp/mcuxpressoide_10.2.0_759/ide/tools/bin/../lib/gcc/arm-none-eabi/7.2.1/../../../../arm-none-eabi/lib/thumb/v6-m\libc_nano.a(lib_a-locale.o)
                                  0x9 (size before relaxing)
 .rodata.str1.1
                0x00012ca8        0x2 c:/nxp/mcuxpressoide_10.2.0_759/ide/tools/bin/../lib/gcc/arm-none-eabi/7.2.1/../../../../arm-none-eabi/lib/thumb/v6-m\libc_nano.a(lib_a-locale.o)
 .rodata._ctype_
                0x00012caa      0x101 c:/nxp/mcuxpressoide_10.2.0_759/ide/tools/bin/../lib/gcc/arm-none-eabi/7.2.1/../../../../arm-none-eabi/lib/thumb/v6-m\libc_nano.a(lib_a-ctype_.o)
                0x00012caa                _ctype_
 *fill*         0x00012dab        0x1 ff
 .rodata.log10.str1.4
                0x00012dac        0x6 c:/nxp/mcuxpressoide_10.2.0_759/ide/tools/bin/../lib/gcc/arm-none-eabi/7.2.1/../../../../arm-none-eabi/lib/thumb/v6-m\libm.a(lib_a-w_log10.o)
                                  0x9 (size before relaxing)
 *fill*         0x00012db2        0x2 ff
 .rodata.sqrt.str1.4
                0x00012db4        0x8 c:/nxp/mcuxpressoide_10.2.0_759/ide/tools/bin/../lib/gcc/arm-none-eabi/7.2.1/../../../../arm-none-eabi/lib/thumb/v6-m\libm.a(lib_a-w_sqrt.o)
                                  0x5 (size before relaxing)
                0x00012dbc                . = ALIGN (0x4)

.glue_7         0x00012dbc        0x0
 .glue_7        0x00012dbc        0x0 linker stubs

.glue_7t        0x00012dbc        0x0
 .glue_7t       0x00012dbc        0x0 linker stubs

.vfp11_veneer   0x00012dbc        0x0
 .vfp11_veneer  0x00012dbc        0x0 linker stubs

.v4_bx          0x00012dbc        0x0
 .v4_bx         0x00012dbc        0x0 linker stubs

.iplt           0x00012dbc        0x0
 .iplt          0x00012dbc        0x0 ./startup/startup_mkl16z4.o

.ARM.extab
 *(.ARM.extab* .gnu.linkonce.armextab.*)
                0x00012dbc                __exidx_start = .

.ARM.exidx      0x00012dbc        0x8
 *(.ARM.exidx* .gnu.linkonce.armexidx.*)
 .ARM.exidx     0x00012dbc        0x8 c:/nxp/mcuxpressoide_10.2.0_759/ide/tools/bin/../lib/gcc/arm-none-eabi/7.2.1/thumb/v6-m\libgcc.a(_udivmoddi4.o)
                0x00012dc4                __exidx_end = .
                0x00012dc4                _etext = .

.rel.dyn        0x00012dc4        0x0
 .rel.iplt      0x00012dc4        0x0 ./startup/startup_mkl16z4.o

.mtb_buffer_default
                0x1ffff800       0x80
 *(.mtb*)
 .mtb.$RAM1     0x1ffff800       0x80 ./source/mtb.o
                0x1ffff800                __mtb_buffer__

.uninit_RESERVED
                0x1ffff880        0x0
 *(.bss.$RESERVED*)
                0x1ffff880                . = ALIGN (0x4)
                0x1ffff880                _end_uninit_RESERVED = .

.data           0x1ffff880      0x3c4 load address 0x00012dc4
 FILL mask 0xff
                0x1ffff880                _data = .
 *(vtable)
 *(.ramfunc*)
 *(.data*)
 .data.POWEROP1_config.5667
                0x1ffff880        0x2 ./source/cmp.o
 *fill*         0x1ffff882        0x2 ff
 .data.POWEROP2_config.5668
                0x1ffff884        0x2 ./source/cmp.o
 *fill*         0x1ffff886        0x2 ff
 .data.application_state
                0x1ffff888       0x20 ./source/main.o
                0x1ffff888                application_state
 .data.application_waterlevel_state
                0x1ffff8a8       0x10 ./source/main.o
                0x1ffff8a8                application_waterlevel_state
 .data.login_level
                0x1ffff8b8       0x10 ./source/main.o
                0x1ffff8b8                login_level
 .data.application_settings
                0x1ffff8c8       0x58 ./source/main.o
                0x1ffff8c8                application_settings
 .data.watchdog_timer
                0x1ffff920        0x4 ./source/pit.o
 .data.strtok_delimiter_LF
                0x1ffff924        0x2 ./source/sim7000.o
                0x1ffff924                strtok_delimiter_LF
 *fill*         0x1ffff926        0x2 ff
 .data.strtok_delimiter_comma
                0x1ffff928        0x2 ./source/sim7000.o
                0x1ffff928                strtok_delimiter_comma
 *fill*         0x1ffff92a        0x2 ff
 .data.at_responses
                0x1ffff92c      0x138 ./source/sim7000.o
                0x1ffff92c                at_responses
 .data.s_slowIrcFreq
                0x1ffffa64        0x4 ./drivers/fsl_clock.o
 .data.s_fastIrcFreq
                0x1ffffa68        0x4 ./drivers/fsl_clock.o
 .data.SystemCoreClock
                0x1ffffa6c        0x4 ./CMSIS/system_MKL16Z4.o
                0x1ffffa6c                SystemCoreClock
 .data._impure_ptr
                0x1ffffa70        0x4 c:/nxp/mcuxpressoide_10.2.0_759/ide/tools/bin/../lib/gcc/arm-none-eabi/7.2.1/../../../../arm-none-eabi/lib/thumb/v6-m\libc_nano.a(lib_a-impure.o)
                0x1ffffa70                _impure_ptr
 .data.impure_data
                0x1ffffa74       0x60 c:/nxp/mcuxpressoide_10.2.0_759/ide/tools/bin/../lib/gcc/arm-none-eabi/7.2.1/../../../../arm-none-eabi/lib/thumb/v6-m\libc_nano.a(lib_a-impure.o)
 .data.__global_locale
                0x1ffffad4      0x16c c:/nxp/mcuxpressoide_10.2.0_759/ide/tools/bin/../lib/gcc/arm-none-eabi/7.2.1/../../../../arm-none-eabi/lib/thumb/v6-m\libc_nano.a(lib_a-locale.o)
                0x1ffffad4                __global_locale
 .data.__fdlib_version