******************************************************************************
                  MSP430 Linker PC v18.1.2                     
******************************************************************************
>> Linked Mon Jun  3 12:15:38 2019

OUTPUT FILE NAME:   <TPS3200_CCS_project.out>
ENTRY POINT SYMBOL: "_c_int00_noargs"  address: 00005eba


MEMORY CONFIGURATION

         name            origin    length      used     unused   attr    fill
----------------------  --------  ---------  --------  --------  ----  --------
  SFR                   00000000   00000010  00000000  00000010  RWIX
  PERIPHERALS_8BIT      00000010   000000f0  00000000  000000f0  RWIX
  PERIPHERALS_16BIT     00000100   00000100  00000000  00000100  RWIX
  INFOD                 00001800   00000080  00000000  00000080  RWIX
  INFOC                 00001880   00000080  00000004  0000007c  RWIX
  INFOB                 00001900   00000080  00000000  00000080  RWIX
  INFOA                 00001980   00000080  00000004  0000007c  RWIX
  RAM                   00001c00   00004000  00003fc9  00000037  RWIX
  FLASH                 00005c00   0000a380  00000e6e  00009512  RWIX
  INT00                 0000ff80   00000002  00000000  00000002  RWIX
  INT01                 0000ff82   00000002  00000000  00000002  RWIX
  INT02                 0000ff84   00000002  00000000  00000002  RWIX
  INT03                 0000ff86   00000002  00000000  00000002  RWIX
  INT04                 0000ff88   00000002  00000000  00000002  RWIX
  INT05                 0000ff8a   00000002  00000000  00000002  RWIX
  INT06                 0000ff8c   00000002  00000000  00000002  RWIX
  INT07                 0000ff8e   00000002  00000000  00000002  RWIX
  INT08                 0000ff90   00000002  00000000  00000002  RWIX
  INT09                 0000ff92   00000002  00000000  00000002  RWIX
  INT10                 0000ff94   00000002  00000000  00000002  RWIX
  INT11                 0000ff96   00000002  00000000  00000002  RWIX
  INT12                 0000ff98   00000002  00000000  00000002  RWIX
  INT13                 0000ff9a   00000002  00000000  00000002  RWIX
  INT14                 0000ff9c   00000002  00000000  00000002  RWIX
  INT15                 0000ff9e   00000002  00000000  00000002  RWIX
  INT16                 0000ffa0   00000002  00000000  00000002  RWIX
  INT17                 0000ffa2   00000002  00000000  00000002  RWIX
  INT18                 0000ffa4   00000002  00000000  00000002  RWIX
  INT19                 0000ffa6   00000002  00000000  00000002  RWIX
  INT20                 0000ffa8   00000002  00000000  00000002  RWIX
  INT21                 0000ffaa   00000002  00000000  00000002  RWIX
  INT22                 0000ffac   00000002  00000000  00000002  RWIX
  INT23                 0000ffae   00000002  00000000  00000002  RWIX
  INT24                 0000ffb0   00000002  00000000  00000002  RWIX
  INT25                 0000ffb2   00000002  00000000  00000002  RWIX
  INT26                 0000ffb4   00000002  00000000  00000002  RWIX
  INT27                 0000ffb6   00000002  00000000  00000002  RWIX
  INT28                 0000ffb8   00000002  00000000  00000002  RWIX
  INT29                 0000ffba   00000002  00000000  00000002  RWIX
  INT30                 0000ffbc   00000002  00000000  00000002  RWIX
  INT31                 0000ffbe   00000002  00000000  00000002  RWIX
  INT32                 0000ffc0   00000002  00000000  00000002  RWIX
  INT33                 0000ffc2   00000002  00000000  00000002  RWIX
  INT34                 0000ffc4   00000002  00000000  00000002  RWIX
  INT35                 0000ffc6   00000002  00000000  00000002  RWIX
  INT36                 0000ffc8   00000002  00000000  00000002  RWIX
  INT37                 0000ffca   00000002  00000000  00000002  RWIX
  INT38                 0000ffcc   00000002  00000000  00000002  RWIX
  INT39                 0000ffce   00000002  00000000  00000002  RWIX
  INT40                 0000ffd0   00000002  00000000  00000002  RWIX
  INT41                 0000ffd2   00000002  00000002  00000000  RWIX
  INT42                 0000ffd4   00000002  00000002  00000000  RWIX
  INT43                 0000ffd6   00000002  00000002  00000000  RWIX
  INT44                 0000ffd8   00000002  00000002  00000000  RWIX
  INT45                 0000ffda   00000002  00000002  00000000  RWIX
  INT46                 0000ffdc   00000002  00000002  00000000  RWIX
  INT47                 0000ffde   00000002  00000002  00000000  RWIX
  INT48                 0000ffe0   00000002  00000002  00000000  RWIX
  INT49                 0000ffe2   00000002  00000002  00000000  RWIX
  INT50                 0000ffe4   00000002  00000002  00000000  RWIX
  INT51                 0000ffe6   00000002  00000002  00000000  RWIX
  INT52                 0000ffe8   00000002  00000002  00000000  RWIX
  INT53                 0000ffea   00000002  00000002  00000000  RWIX
  INT54                 0000ffec   00000002  00000002  00000000  RWIX
  INT55                 0000ffee   00000002  00000002  00000000  RWIX
  INT56                 0000fff0   00000002  00000002  00000000  RWIX
  INT57                 0000fff2   00000002  00000002  00000000  RWIX
  INT58                 0000fff4   00000002  00000002  00000000  RWIX
  INT59                 0000fff6   00000002  00000002  00000000  RWIX
  INT60                 0000fff8   00000002  00000002  00000000  RWIX
  INT61                 0000fffa   00000002  00000002  00000000  RWIX
  INT62                 0000fffc   00000002  00000002  00000000  RWIX
  RESET                 0000fffe   00000002  00000002  00000000  RWIX
  FLASH2                00010000   00035c00  0000869c  0002d564  RWIX


SECTION ALLOCATION MAP

 output                                  attributes/
section   page    origin      length       input sections
--------  ----  ----------  ----------   ----------------
.data      0    00000000    00000476     FAILED TO ALLOCATE
.bss       0    00001c00    00003ea9     UNINITIALIZED
                  00001c00    00001d66     (.common:eepromConfigData)
                  00003966    00001d1c     (.common:eepromLutData)
                  00005682    000000a0     (.common:__TI_tmpnams)
                  00005722    0000005c     (.common:qqqaccumreset)
                  0000577e    0000005c     (.common:qqqaccumupload)
                  000057da    00000040     (.common:ldra_buffer)
                  0000581a    0000003e     bist.obj (.bss:qqqmcdcoffset)
                  00005858    0000003e     communication.obj (.bss:qqqmcdcoffset)
                  00005896    0000003e     pmm.obj (.bss:qqqmcdcoffset)
                  000058d4    0000003e     ucs.obj (.bss:qqqmcdcoffset)
                  00005912    0000003e     util.obj (.bss:qqqmcdcoffset)
                  00005950    0000003e     bist.obj (.bss:qqqmcdcval)
                  0000598e    0000003e     communication.obj (.bss:qqqmcdcval)
                  000059cc    0000003e     pmm.obj (.bss:qqqmcdcval)
                  00005a0a    0000003e     ucs.obj (.bss:qqqmcdcval)
                  00005a48    0000003e     util.obj (.bss:qqqmcdcval)
                  00005a86    0000000a     rts430x_lc_rd_eabi.lib : memory.c.obj (.bss)
                  00005a90    00000008     adc.obj (.bss:adcBuf)
                  00005a98    00000008     (.common:parmbuf)
                  00005aa0    00000004     (.common:switchData)
                  00005aa4    00000004     (.common:timerCount)
                  00005aa8    00000001     (.common:gBistStatus)

.sysmem    0    00000000    000000a0     FAILED TO ALLOCATE
.stack     0    00000000    000000a0     FAILED TO ALLOCATE
.cio       0    00005aaa    00000120     UNINITIALIZED
                  00005aaa    00000120     rts430x_lc_rd_eabi.lib : trgmsg.c.obj (.cio)

.text:_isr 
*          0    00005c00    000002de     
                  00005c00    000001b2     adc.obj (.text:_isr:AdcDataReadyISR)
                  00005db2    00000002     --HOLE-- [fill = 0]
                  00005db4    00000086     timer.obj (.text:_isr:TIMERA0_ISR)
                  00005e3a    00000002     --HOLE-- [fill = 0]
                  00005e3c    0000007e     communication.obj (.text:_isr:USCI_A0_IRQ)
                  00005eba    0000001c     rts430x_lc_rd_eabi.lib : boot.c.obj (.text:_isr:_c_int00_noargs)
                  00005ed6    00000008                            : isr_trap.asm.obj (.text:_isr:__TI_ISR_TRAP)

.cinit     0    000069d2    0000009c     
                  000069d2    0000005c     (.cinit..data.load) [load image, compression = lzss]
                  00006a2e    0000000c     (__TI_handler_table)
                  00006a3a    00000007     (.cinit..infoA.load) [load image, compression = lzss]
                  00006a41    00000007     (.cinit..infoC.load) [load image, compression = lzss]
                  00006a48    00000006     (.cinit..bss.load) [load image, compression = zero_init]
                  00006a4e    00000020     (__TI_cinit_table)

.binit     0    00005c00    00000000     

.init_array 
*          0    00005c00    00000000     UNINITIALIZED

.infoA     0    00001980    00000004     UNINITIALIZED
                  00001980    00000004     bist.obj (.infoA)

.infoC     0    00001880    00000004     UNINITIALIZED
                  00001880    00000004     bist.obj (.infoC)

.const     0    00005ede    00000af4     
                  00005ede    00000400     bist.obj (.const:$P$T1$2)
                  000062de    000002bc     adc.obj (.const:.string)
                  0000659a    00000200     bist.obj (.const:$P$T0$1)
                  0000679a    00000026     bist.obj (.const:.string)
                  000067c0    00000026     communication.obj (.const:.string)
                  000067e6    00000026     pmm.obj (.const:.string)
                  0000680c    00000026     ucs.obj (.const:.string)
                  00006832    00000026     util.obj (.const:.string)
                  00006858    0000001c     gpio.obj (.const:GPIO_PORT_TO_BASE)
                  00006874    0000001a     ucs.obj (.const:$P$T0$1)
                  0000688e    00000016     bist.obj (.const:$P$T2$5)
                  000068a4    00000014     util.obj (.const:$P$T1$2)
                  000068b8    0000000e     timer.obj (.const:cTimerParams)
                  000068c6    0000000c     pmm.obj (.const:$P$T0$1)
                  000068d2    0000000c     spi.obj (.const:$P$T0$1)
                  000068de    0000000c     util.obj (.const:.string:$P$T0$1)
                  000068ea    0000000c     adc.obj (.const:ADS1258_SPI_SS)
                  000068f6    0000000c     init.obj (.const:ADS1258_SPI_SS)
                  00006902    0000000c     eeprom.obj (.const:EEPROM_SPI_SS)
                  0000690e    0000000c     init.obj (.const:EEPROM_SPI_SS)
                  0000691a    0000000c     init.obj (.const:boardUartSetup)
                  00006926    0000000a     gpio.obj (.const:$P$T0$1)
                  00006930    0000000a     eeprom.obj (.const:.string)
                  0000693a    0000000a     gpio.obj (.const:.string)
                  00006944    0000000a     init.obj (.const:.string)
                  0000694e    0000000a     protocol.obj (.const:.string)
                  00006958    0000000a     spi.obj (.const:.string)
                  00006962    0000000a     timer.obj (.const:.string)
                  0000696c    0000000a     timer_a.obj (.const:.string)
                  00006976    0000000a     usci_a_spi.obj (.const:.string)
                  00006980    0000000a     usci_a_uart.obj (.const:.string)
                  0000698a    0000000a     watchdog.obj (.const:.string)
                  00006994    0000000a     wdt_a.obj (.const:.string)
                  0000699e    0000000a     init.obj (.const:tps3200SpiConfig)
                  000069a8    00000008     adc.obj (.const:$P$T4$6)
                  000069b0    00000006     communication.obj (.const:$P$T0$1)
                  000069b6    00000005     adc.obj (.const:.string:$P$T1$2)
                  000069bb    00000001     --HOLE-- [fill = 0]
                  000069bc    00000004     init.obj (.const:$P$T0$1)
                  000069c0    00000004     protocol.obj (.const:$P$T0$1)
                  000069c4    00000004     timer.obj (.const:$P$T0$1)
                  000069c8    00000004     usci_a_uart.obj (.const:$P$T0$1)
                  000069cc    00000002     adc.obj (.const:.string:$P$T0$1)
                  000069ce    00000002     adc.obj (.const:.string:$P$T2$4)
                  000069d0    00000002     adc.obj (.const:.string:$P$T3$5)

RTC        0    0000ffd2    00000002     
                  0000ffd2    00000002     rts430x_lc_rd_eabi.lib : int41.asm.obj (.int41)

PORT2      0    0000ffd4    00000002     
                  0000ffd4    00000002     rts430x_lc_rd_eabi.lib : int42.asm.obj (.int42)

USCI_B3    0    0000ffd6    00000002     
                  0000ffd6    00000002     rts430x_lc_rd_eabi.lib : int43.asm.obj (.int43)

USCI_A3    0    0000ffd8    00000002     
                  0000ffd8    00000002     rts430x_lc_rd_eabi.lib : int44.asm.obj (.int44)

USCI_B1    0    0000ffda    00000002     
                  0000ffda    00000002     rts430x_lc_rd_eabi.lib : int45.asm.obj (.int45)

USCI_A1    0    0000ffdc    00000002     
                  0000ffdc    00000002     rts430x_lc_rd_eabi.lib : int46.asm.obj (.int46)

PORT1      0    0000ffde    00000002     
                  0000ffde    00000002     adc.obj (.int47)

TIMER1_A1 
*          0    0000ffe0    00000002     
                  0000ffe0    00000002     rts430x_lc_rd_eabi.lib : int48.asm.obj (.int48)

TIMER1_A0 
*          0    0000ffe2    00000002     
                  0000ffe2    00000002     rts430x_lc_rd_eabi.lib : int49.asm.obj (.int49)

DMA        0    0000ffe4    00000002     
                  0000ffe4    00000002     rts430x_lc_rd_eabi.lib : int50.asm.obj (.int50)

USCI_B2    0    0000ffe6    00000002     
                  0000ffe6    00000002     rts430x_lc_rd_eabi.lib : int51.asm.obj (.int51)

USCI_A2    0    0000ffe8    00000002     
                  0000ffe8    00000002     rts430x_lc_rd_eabi.lib : int52.asm.obj (.int52)

TIMER0_A1 
*          0    0000ffea    00000002     
                  0000ffea    00000002     rts430x_lc_rd_eabi.lib : int53.asm.obj (.int53)

TIMER0_A0 
*          0    0000ffec    00000002     
                  0000ffec    00000002     timer.obj (.int54)

ADC12      0    0000ffee    00000002     
                  0000ffee    00000002     rts430x_lc_rd_eabi.lib : int55.asm.obj (.int55)

USCI_B0    0    0000fff0    00000002     
                  0000fff0    00000002     rts430x_lc_rd_eabi.lib : int56.asm.obj (.int56)

USCI_A0    0    0000fff2    00000002     
                  0000fff2    00000002     communication.obj (.int57)

WDT        0    0000fff4    00000002     
                  0000fff4    00000002     rts430x_lc_rd_eabi.lib : int58.asm.obj (.int58)

TIMER0_B1 
*          0    0000fff6    00000002     
                  0000fff6    00000002     rts430x_lc_rd_eabi.lib : int59.asm.obj (.int59)

TIMER0_B0 
*          0    0000fff8    00000002     
                  0000fff8    00000002     rts430x_lc_rd_eabi.lib : int60.asm.obj (.int60)

UNMI       0    0000fffa    00000002     
                  0000fffa    00000002     rts430x_lc_rd_eabi.lib : int61.asm.obj (.int61)

SYSNMI     0    0000fffc    00000002     
                  0000fffc    00000002     rts430x_lc_rd_eabi.lib : int62.asm.obj (.int62)

.reset     0    0000fffe    00000002     
                  0000fffe    00000002     rts430x_lc_rd_eabi.lib : boot.c.obj (.reset)

.text.1    0    00010000    0000197a     
                  00010000    0000069c     util.obj (.text:UTIL_Num32sToStr)
                  0001069c    00000520     ucs.obj (.text:UCS_clearAllOscFlagsWithTimeout)
                  00010bbc    0000050a     bist.obj (.text:BistVerifySystemIntegrity)
                  000110c6    00000002     rts430x_lc_rd_eabi.lib : _lock.c.obj (.text:_nop)
                  000110c8    0000046a     ucs.obj (.text:qqqupload)
                  00011532    00000002     rts430x_lc_rd_eabi.lib : startup.c.obj (.text:_system_post_cinit)
                  00011534    00000446     pmm.obj (.text:PMM_setVCoreUp)

.text.2    0    0001197c    000003aa     
                  0001197c    000003aa     ucs.obj (.text:UCS_getSMCLK)

.text.3    0    00011d28    000009da     
                  00011d28    00000364     pmm.obj (.text:PMM_setVCoreDown)
                  0001208c    00000344     ucs.obj (.text:UCS_initFLLSettle)
                  000123d0    00000332     util.obj (.text:UTIL_strcat)

.text.4    0    00012704    000010f6     
                  00012704    000002f0     ucs.obj (.text:privateUCSSourceClockFromDCO)
                  000129f4    000002c8     pmm.obj (.text:PMM_setVCore)
                  00012cbc    00000260     communication.obj (.text:CommunicationWaitForReady)
                  00012f1c    00000238     bist.obj (.text:bist_83zzdo17)
                  00013154    00000238     pmm.obj (.text:pmm_1150zzdo17)
                  0001338c    00000238     util.obj (.text:util_1146zzdo17)
                  000135c4    00000236     adc.obj (.text:AdcConfig)

.text.5    0    000137fc    00000446     
                  000137fc    0000022c     communication.obj (.text:communication_84zzdo17)
                  00013a28    0000021a     spi.obj (.text:SpiSlaveDeselect)

.text.6    0    00013c44    000001f6     
                  00013c44    000001f6     spi.obj (.text:SpiSlaveSelect)

.text.7    0    00013e3c    000003b2     
                  00013e3c    000001dc     ucs.obj (.text:UCS_initClockSignal)
                  00014018    000001d6     pmm.obj (.text:qqqupload)

.text.8    0    000141f0    000001be     
                  000141f0    000001be     communication.obj (.text:qqqupload)

.text.9    0    000143b0    000001ae     
                  000143b0    000001ae     bist.obj (.text:WriteInfo)

.text.10   0    00014560    0000034a     
                  00014560    000001ac     spi.obj (.text:SpiConfigureMaster)
                  0001470c    0000019e     main.obj (.text:ldra_sprintf)

.text.11   0    000148ac    00000192     
                  000148ac    00000192     ucs.obj (.text:UCS_bypassXT1)

.text.12   0    00014a40    00000172     
                  00014a40    00000172     protocol.obj (.text:FormatRawData)

.text.13   0    00014bb4    000002ba     
                  00014bb4    00000160     bist.obj (.text:qqqupload)
                  00014d14    0000015a     usci_a_uart.obj (.text:USCI_A_UART_init)

.text.14   0    00014e70    0000036e     
                  00014e70    00000158     util.obj (.text:qqqupload)
                  00014fc8    00000110     communication.obj (.text:CommunicationSendDataFrame)
                  000150d8    00000106     util.obj (.text:UTIL_memcpy)

.text.15   0    000151e0    000000fe     
                  000151e0    000000fe     usci_a_uart.obj (.text:USCI_A_UART_transmitData)

.text.16   0    000152e0    000001ee     
                  000152e0    000000f8     timer.obj (.text:TimerWait)
                  000153d8    000000f6     spi.obj (.text:SpiTransferBlock)

.text.17   0    000154d0    000002be     
                  000154d0    000000f0     util.obj (.text:UTIL_strcatNum16Hex)
                  000155c0    000000f0     rts430x_lc_rd_eabi.lib : fputs.c.obj (.text:fputs)
                  000156b0    000000de     gpio.obj (.text:GPIO_getInputPinValue)

.text.18   0    00015790    000004ea     
                  00015790    000000de     bist.obj (.text:crc32)
                  0001586e    000000de     rts430x_lc_rd_eabi.lib : setvbuf.c.obj (.text:setvbuf)
                  0001594c    000000d4     timer_a.obj (.text:Timer_A_initUpMode)
                  00015a20    000000cc     adc.obj (.text:AdcGetDataFromBuffer)
                  00015aec    000000c8     bist.obj (.text:crc16)
                  00015bb4    000000c6     usci_a_uart.obj (.text:qqqupload)

.text.19   0    00015c7c    00000396     
                  00015c7c    000000c4     spi.obj (.text:SpiTransferByte)
                  00015d40    000000bc     rts430x_lc_rd_eabi.lib : memory.c.obj (.text:malloc)
                  00015dfc    000000b4     main.obj (.text:main)
                  00015eb0    000000b4     bist.obj (.text:qqqbitmapreset)
                  00015f64    000000ae     main.obj (.text:ldra_port_write)

.text.20   0    00016014    000001da     
                  00016014    000000a6     usci_a_spi.obj (.text:USCI_A_SPI_initMaster)
                  000160ba    0000009a     rts430x_lc_rd_eabi.lib : hostlseek.c.obj (.text:HOSTlseek)
                  00016154    0000009a     init.obj (.text:InitClocks)

.text.21   0    000161f0    00000096     
                  000161f0    00000096     gpio.obj (.text:GPIO_selectInterruptEdge)

.text.22   0    00016288    00000662     
                  00016288    00000096     pmm.obj (.text:qqqbitmapreset)
                  0001631e    0000008e     rts430x_lc_rd_eabi.lib : memory.c.obj (.text:free)
                  000163ac    0000008c     util.obj (.text:UTIL_memset)
                  00016438    00000082     gpio.obj (.text:GPIO_clearInterrupt)
                  000164ba    0000007e     rts430x_lc_rd_eabi.lib : _io_perm.c.obj (.text:__TI_wrt_ok)
                  00016538    0000007c     main.obj (.text:ldra_port_close)
                  000165b4    00000078     gpio.obj (.text:GPIO_setAsInputPinWithPullUpResistor)
                  0001662c    00000078     init.obj (.text:InitGpio)
                  000166a4    00000076     gpio.obj (.text:GPIO_enableInterrupt)
                  0001671a    00000076     rts430x_lc_rd_eabi.lib : copy_decompress_lzss.c.obj (.text:decompress:lzss:__TI_decompress_lzss)
                  00016790    00000074                            : hostrename.c.obj (.text:HOSTrename)
                  00016804    00000074                            : fclose.c.obj (.text:__TI_closefile)
                  00016878    00000072     eeprom.obj (.text:qqqupload)

.text.23   0    000168ec    00000072     
                  000168ec    00000072     timer_a.obj (.text:qqqupload)

.text.24   0    00016960    00000072     
                  00016960    00000072     usci_a_spi.obj (.text:qqqupload)

.text.25   0    000169d4    000000e2     
                  000169d4    00000072     wdt_a.obj (.text:qqqupload)
                  00016a46    00000070     rts430x_lc_rd_eabi.lib : hostopen.c.obj (.text:HOSTopen)

.text.26   0    00016ab8    000002d6     
                  00016ab8    00000070     watchdog.obj (.text:qqqupload)
                  00016b28    0000006c     rts430x_lc_rd_eabi.lib : hostwrite.c.obj (.text:HOSTwrite)
                  00016b94    0000006a                            : hostread.c.obj (.text:HOSTread)
                  00016bfe    0000006a                            : fseek.c.obj (.text:fseek)
                  00016c68    00000064     gpio.obj (.text:GPIO_setAsPeripheralInputPin)
                  00016ccc    00000064     rts430x_lc_rd_eabi.lib : fflush.c.obj (.text:__TI_doflush)
                  00016d30    0000005e     gpio.obj (.text:GPIO_setAsPeripheralOutputPin)

.text.27   0    00016d90    0000005e     
                  00016d90    0000005e     util.obj (.text:qqqbitmapreset)

.text.28   0    00016df0    0000005a     
                  00016df0    0000005a     adc.obj (.text:AdcSelectChannel)

.text.29   0    00016e4c    000001be     
                  00016e4c    0000005a     gpio.obj (.text:GPIO_setAsOutputPin)
                  00016ea6    0000005a     rts430x_lc_rd_eabi.lib : close.c.obj (.text:close)
                  00016f00    0000005a                            : getdevice.c.obj (.text:getdevice)
                  00016f5a    00000058                            : fflush.c.obj (.text:fflush)
                  00016fb2    00000058                            : div32u.asm.obj (.text)

.text.30   0    0001700c    00000056     
                  0001700c    00000056     init.obj (.text:InitSensorConfig)

.text.31   0    00017064    00000056     
                  00017064    00000056     adc.obj (.text:qqbmsoutput)

.text.32   0    000170bc    00000056     
                  000170bc    00000056     bist.obj (.text:qqbmsoutput)

.text.33   0    00017114    00000056     
                  00017114    00000056     communication.obj (.text:qqbmsoutput)

.text.34   0    0001716c    00000056     
                  0001716c    00000056     gpio.obj (.text:qqbmsoutput)

.text.35   0    000171c4    00000056     
                  000171c4    00000056     init.obj (.text:qqbmsoutput)

.text.36   0    0001721c    00000056     
                  0001721c    00000056     pmm.obj (.text:qqbmsoutput)

.text.37   0    00017274    00000056     
                  00017274    00000056     protocol.obj (.text:qqbmsoutput)

.text.38   0    000172cc    00000056     
                  000172cc    00000056     spi.obj (.text:qqbmsoutput)

.text.39   0    00017324    00000056     
                  00017324    00000056     timer.obj (.text:qqbmsoutput)

.text.40   0    0001737c    00000056     
                  0001737c    00000056     ucs.obj (.text:qqbmsoutput)

.text.41   0    000173d4    00000056     
                  000173d4    00000056     util.obj (.text:qqbmsoutput)

.text.42   0    0001742c    0000014e     
                  0001742c    00000054     spi.obj (.text:SpiConfigureSlaveSelect)
                  00017480    00000054     usci_a_uart.obj (.text:USCI_A_UART_enableInterrupt)
                  000174d4    00000054     rts430x_lc_rd_eabi.lib : autoinit.c.obj (.text:__TI_auto_init_nobinit_nopinit_hold_wdt:__TI_auto_init_nobinit_nopinit_hold_wdt)
                  00017528    00000052     gpio.obj (.text:GPIO_setOutputHighOnPin)

.text.43   0    0001757c    00000052     
                  0001757c    00000052     init.obj (.text:InitAdc)

.text.44   0    000175d0    00000052     
                  000175d0    00000052     util.obj (.text:UTIL_strcatNum32s)

.text.45   0    00017624    0000013e     
                  00017624    00000050     communication.obj (.text:CommunicationPutByte)
                  00017674    00000050     init.obj (.text:InitUart)
                  000176c4    00000050     wdt_a.obj (.text:WDT_A_initWatchdogTimer)
                  00017714    0000004e     rts430x_lc_rd_eabi.lib : hostclose.c.obj (.text:HOSTclose)

.text.46   0    00017764    0000004e     
                  00017764    0000004e     timer.obj (.text:TimerInit)

.text.47   0    000177b4    000000e2     
                  000177b4    0000004c     gpio.obj (.text:GPIO_setOutputLowOnPin)
                  00017800    0000004c     spi.obj (.text:qqqupload)
                  0001784c    0000004a     rts430x_lc_rd_eabi.lib : exit.c.obj (.text:exit)

.text.48   0    00017898    000000d6     
                  00017898    00000048     ucs.obj (.text:UCS_setExternalClockSource)
                  000178e0    00000048     usci_a_uart.obj (.text:USCI_A_UART_clearInterrupt)
                  00017928    00000046     rts430x_lc_rd_eabi.lib : hostunlink.c.obj (.text:HOSTunlink)

.text.49   0    00017970    000000ca     
                  00017970    00000044     usci_a_spi.obj (.text:USCI_A_SPI_getInterruptStatus)
                  000179b4    00000044     gpio.obj (.text:qqqupload)
                  000179f8    00000042     timer_a.obj (.text:Timer_A_startCounter)

.text.50   0    00017a3c    00000182     
                  00017a3c    00000042     usci_a_spi.obj (.text:USCI_A_SPI_isBusy)
                  00017a7e    00000042     rts430x_lc_rd_eabi.lib : memory.c.obj (.text:minit)
                  00017ac0    00000040     timer_a.obj (.text:Timer_A_stop)
                  00017b00    00000040     usci_a_spi.obj (.text:USCI_A_SPI_receiveData)
                  00017b40    00000040     rts430x_lc_rd_eabi.lib : div32s.asm.obj (.text)
                  00017b80    0000003e     timer_a.obj (.text:Timer_A_clearTimerInterrupt)

.text.51   0    00017bc0    0000003e     
                  00017bc0    0000003e     usci_a_uart.obj (.text:USCI_A_UART_enable)

.text.52   0    00017c00    000000ba     
                  00017c00    0000003e     watchdog.obj (.text:WatchdogClear)
                  00017c3e    0000003e     rts430x_lc_rd_eabi.lib : lsl32.asm.obj (.text:l_lsl_const)
                  00017c7c    0000003e                            : lseek.c.obj (.text:lseek)

.text.53   0    00017cbc    000000ee     
                  00017cbc    0000003c     communication.obj (.text:qqqbitmapreset)
                  00017cf8    0000003c     ucs.obj (.text:qqqbitmapreset)
                  00017d34    0000003c     rts430x_lc_rd_eabi.lib : write.c.obj (.text:write)
                  00017d70    0000003a     usci_a_spi.obj (.text:USCI_A_SPI_enable)

.text.54   0    00017dac    000000d6     
                  00017dac    00000038     eeprom.obj (.text:EepromRead)
                  00017de4    00000036     rts430x_lc_rd_eabi.lib : fopen.c.obj (.text:__TI_cleanup)
                  00017e1a    00000036                            : trgmsg.c.obj (.text:__TI_writemsg)
                  00017e50    00000032                            : trgmsg.c.obj (.text:__TI_readmsg)

.text.55   0    00017e84    00000032     
                  00017e84    00000032     communication.obj (.text:communication_84zqendz)

.text.56   0    00017eb8    00000032     
                  00017eb8    00000032     main.obj (.text:ldra_sprintf4)

.text.57   0    00017eec    0000011e     
                  00017eec    00000032     pmm.obj (.text:pmm_1150zqendz)
                  00017f1e    00000032     rts430x_lc_rd_eabi.lib : strncpy.c.obj (.text:strncpy)
                  00017f50    00000030                            : unlink.c.obj (.text:unlink)
                  00017f80    0000002e     eeprom.obj (.text:eeprom_86zqendz)
                  00017fae    0000002e     rts430x_lc_rd_eabi.lib : getdevice.c.obj (.text:finddevice)
                  00017fdc    0000002e     gpio.obj (.text:gpio_1148zqendz)

.text.58   0    0001800c    0000002e     
                  0001800c    0000002e     init.obj (.text:init_88zqendz)

.text.59   0    0001803c    0000002e     
                  0001803c    0000002e     main.obj (.text:ldra_port_open)

.text.60   0    0001806c    0000002e     
                  0001806c    0000002e     main.obj (.text:ldra_sprintf3)

.text.61   0    0001809c    0000002e     
                  0001809c    0000002e     protocol.obj (.text:protocol_90zqendz)

.text.62   0    000180cc    0000002e     
                  000180cc    0000002e     adc.obj (.text:qqqupload)

.text.63   0    000180fc    0000002e     
                  000180fc    0000002e     spi.obj (.text:spi_91zqendz)

.text.64   0    0001812c    0000002e     
                  0001812c    0000002e     timer.obj (.text:timer_93zqendz)

.text.65   0    0001815c    0000002e     
                  0001815c    0000002e     usci_a_spi.obj (.text:usci_a_spi_1157zqendz)

.text.66   0    0001818c    0000002e     
                  0001818c    0000002e     watchdog.obj (.text:watchdog_94zqendz)

.text.67   0    000181bc    0000002e     
                  000181bc    0000002e     wdt_a.obj (.text:wdt_a_1160zqendz)

.text.68   0    000181ec    00000106     
                  000181ec    0000002c     timer.obj (.text:TimerReset)
                  00018218    0000002c     init.obj (.text:qqqupload)
                  00018244    0000002c     protocol.obj (.text:qqqupload)
                  00018270    0000002c     timer.obj (.text:qqqupload)
                  0001829c    0000002c     rts430x_lc_rd_eabi.lib : div16s.asm.obj (.text)
                  000182c8    0000002a     adc.obj (.text:adc_82zqendz)

.text.69   0    000182f4    0000002a     
                  000182f4    0000002a     bist.obj (.text:bist_83zqendz)

.text.70   0    00018320    0000002a     
                  00018320    0000002a     util.obj (.text:util_1146zqendz)

.text.71   0    0001834c    0000004e     
                  0001834c    00000028     init.obj (.text:InitSpi)
                  00018374    00000026     main.obj (.text:ldra_sprintf1)

.text.72   0    0001839c    00000026     
                  0001839c    00000026     main.obj (.text:ldra_sprintf2)

.text.73   0    000183c4    00000026     
                  000183c4    00000026     gpio.obj (.text:qqqbitmapreset)

.text.74   0    000183ec    00000026     
                  000183ec    00000026     spi.obj (.text:qqqbitmapreset)

.text.75   0    00018414    0000006a     
                  00018414    00000024     wdt_a.obj (.text:WDT_A_resetTimer)
                  00018438    00000024     rts430x_lc_rd_eabi.lib : copy_zero_init.c.obj (.text:decompress:ZI:__TI_zero_init)
                  0001845c    00000022     adc.obj (.text:qqqbitmapreset)

.text.76   0    00018480    000000e2     
                  00018480    00000020     bist.obj (.text:BistCalculateCrc16)
                  000184a0    00000020     init.obj (.text:InitEeprom)
                  000184c0    0000001c     usci_a_spi.obj (.text:USCI_A_SPI_transmitData)
                  000184dc    0000001c     rts430x_lc_rd_eabi.lib : strchr.c.obj (.text:strchr)
                  000184f8    0000001c                            : strcmp.c.obj (.text:strcmp)
                  00018514    0000001a     watchdog.obj (.text:WatchdogStart)
                  0001852e    0000001a     rts430x_lc_rd_eabi.lib : assert.c.obj (.text:_abort_msg)
                  00018548    0000001a     bist.obj (.text:qqoutput)

.text.77   0    00018564    00000032     
                  00018564    0000001a     util.obj (.text:qqoutput)
                  0001857e    00000018     rts430x_lc_rd_eabi.lib : mult16_f5hw.asm.obj (.text)

.text.78   0    00018598    0000008a     
                  00018598    00000018     bist.obj (.text:zqqzqz1)
                  000185b0    00000018     main.obj (.text:zqqzqz1)
                  000185c8    00000018     util.obj (.text:zqqzqz1)
                  000185e0    00000016     rts430x_lc_rd_eabi.lib : memchr.c.obj (.text:memchr)
                  000185f6    00000016                            : memset.c.obj (.text:memset)
                  0001860c    00000016                            : div16u.asm.obj (.text)

.text.79   0    00018624    00000092     
                  00018624    00000014     init.obj (.text:InitTimer)
                  00018638    00000014     rts430x_lc_rd_eabi.lib : memcpy.c.obj (.text:memcpy)
                  0001864c    00000014     main.obj (.text:qqpopulate_array_fcn_ptrQQ)
                  00018660    00000014     adc.obj (.text:zqqzqz1)
                  00018674    00000012     rts430x_lc_rd_eabi.lib : copy_decompress_none.c.obj (.text:decompress:none:__TI_decompress_none)
                  00018686    00000012                            : strcpy.c.obj (.text:strcpy)
                  00018698    00000010                            : lsr32.asm.obj (.text:l_lsr)
                  000186a8    0000000e     init.obj (.text:qqqbitmapreset)

.text.80   0    000186b8    0000000e     
                  000186b8    0000000e     protocol.obj (.text:qqqbitmapreset)

.text.81   0    000186c8    0000000e     
                  000186c8    0000000e     timer.obj (.text:qqqbitmapreset)

.text.82   0    000186d8    00000036     
                  000186d8    0000000e     usci_a_uart.obj (.text:qqqbitmapreset)
                  000186e6    0000000e     rts430x_lc_rd_eabi.lib : strlen.c.obj (.text:strlen)
                  000186f4    0000000a     main.obj (.text:ldra_exit)
                  000186fe    0000000a     rts430x_lc_rd_eabi.lib : lsr16.asm.obj (.text)
                  00018708    00000006                            : exit.c.obj (.text:abort)

.text.83   0    00018710    00000006     
                  00018710    00000006     main.obj (.text:ldra_disable_interrupts)

.text.84   0    00018718    00000006     
                  00018718    00000006     eeprom.obj (.text:qqqbitmapreset)

.text.85   0    00018720    00000006     
                  00018720    00000006     timer_a.obj (.text:qqqbitmapreset)

.text.86   0    00018728    00000006     
                  00018728    00000006     usci_a_spi.obj (.text:qqqbitmapreset)

.text.87   0    00018730    00000006     
                  00018730    00000006     watchdog.obj (.text:qqqbitmapreset)

.text.88   0    00018738    0000000a     
                  00018738    00000006     wdt_a.obj (.text:qqqbitmapreset)
                  0001873e    00000004     rts430x_lc_rd_eabi.lib : pre_init.c.obj (.text:_system_pre_init)

.text.89   0    00018744    00000008     
                  00018744    00000004     bist.obj (.text:qqoutput0)
                  00018748    00000004     util.obj (.text:qqoutput0)

MODULE SUMMARY

       Module                       code    ro data   rw data
       ------                       ----    -------   -------
    .\source\
       bist.obj                     3456    1596      15114  
       util.obj                     4422    70        124    
       communication.obj            2284    46        124    
       adc.obj                      1522    733       13     
       spi.obj                      2240    22        0      
       main.obj                     1170    0         248    
       init.obj                     804     60        0      
       timer.obj                    694     30        0      
       protocol.obj                 560     14        0      
       watchdog.obj                 252     10        0      
       eeprom.obj                   222     22        0      
    +--+----------------------------+-------+---------+---------+
       Total:                       17626   2603      15623  
                                                             
    .\source\driverlib\MSP430F5xx_6xx\
       ucs.obj                      6064    64        124    
       pmm.obj                      3998    50        124    
       gpio.obj                     1420    48        0      
       usci_a_uart.obj              1030    14        0      
       usci_a_spi.obj               616     10        0      
       timer_a.obj                  524     10        0      
       wdt_a.obj                    282     10        0      
    +--+----------------------------+-------+---------+---------+
       Total:                       13934   206       248    
                                                             
    C:\ti\ccsv8\tools\compiler\ti-cgt-msp430_18.1.2.LTS\lib\rts430x_lc_rd_eabi.lib
       memory.c.obj                 396     0         10     
       trgmsg.c.obj                 104     0         288    
       fputs.c.obj                  240     0         0      
       setvbuf.c.obj                222     0         0      
       fflush.c.obj                 188     0         0      
       defs.c.obj                   0       0         160    
       hostlseek.c.obj              154     0         0      
       getdevice.c.obj              136     0         0      
       _io_perm.c.obj               126     0         0      
       hostopen.c.obj               112     0         8      
       copy_decompress_lzss.c.obj   118     0         0      
       fclose.c.obj                 116     0         0      
       hostrename.c.obj             116     0         0      
       hostwrite.c.obj              108     0         0      
       fseek.c.obj                  106     0         0      
       hostread.c.obj               106     0         0      
       close.c.obj                  90      0         0      
       div32u.asm.obj               88      0         0      
       autoinit.c.obj               84      0         0      
       exit.c.obj                   80      0         0      
       hostclose.c.obj              78      0         0      
       hostunlink.c.obj             70      0         0      
       div32s.asm.obj               64      0         0      
       lseek.c.obj                  62      0         0      
       lsl32.asm.obj                62      0         0      
       write.c.obj                  60      0         0      
       fopen.c.obj                  54      0         0      
       strncpy.c.obj                50      0         0      
       unlink.c.obj                 48      0         0      
       div16s.asm.obj               44      0         0      
       copy_zero_init.c.obj         36      0         0      
       boot.c.obj                   28      2         0      
       strchr.c.obj                 28      0         0      
       strcmp.c.obj                 28      0         0      
       assert.c.obj                 26      0         0      
       mult16_f5hw.asm.obj          24      0         0      
       div16u.asm.obj               22      0         0      
       memchr.c.obj                 22      0         0      
       memset.c.obj                 22      0         0      
       memcpy.c.obj                 20      0         0      
       copy_decompress_none.c.obj   18      0         0      
       strcpy.c.obj                 18      0         0      
       lsr32.asm.obj                16      0         0      
       strlen.c.obj                 14      0         0      
       lsr16.asm.obj                10      0         0      
       isr_trap.asm.obj             8       0         0      
       pre_init.c.obj               4       0         0      
       _lock.c.obj                  2       0         0      
       int41.asm.obj                0       2         0      
       int42.asm.obj                0       2         0      
       int43.asm.obj                0       2         0      
       int44.asm.obj                0       2         0      
       int45.asm.obj                0       2         0      
       int46.asm.obj                0       2         0      
       int48.asm.obj                0       2         0      
       int49.asm.obj                0       2         0      
       int50.asm.obj                0       2         0      
       int51.asm.obj                0       2         0      
       int52.asm.obj                0       2         0      
       int53.asm.obj                0       2         0      
       int55.asm.obj                0       2         0      
       int56.asm.obj                0       2         0      
       int58.asm.obj                0       2         0      
       int59.asm.obj                0       2         0      
       int60.asm.obj                0       2         0      
       int61.asm.obj                0       2         0      
       int62.asm.obj                0       2         0      
       startup.c.obj                2       0         0      
    +--+----------------------------+-------+---------+---------+
       Total:                       3630    40        466    
                                                             
       Linker Generated:            0       156       0      
    +--+----------------------------+-------+---------+---------+
       Grand Total:                 35190   3005      16337  


LINKER GENERATED COPY TABLES

__TI_cinit_table @ 00006a4e records: 4, size/record: 8, table size: 32
	.data: load addr=000069d2, load size=0000005c bytes, run addr=00000000, run size=00000476 bytes, compression=lzss
	.infoA: load addr=00006a3a, load size=00000007 bytes, run addr=00001980, run size=00000004 bytes, compression=lzss
	.infoC: load addr=00006a41, load size=00000007 bytes, run addr=00001880, run size=00000004 bytes, compression=lzss
	.bss: load addr=00006a48, load size=00000006 bytes, run addr=00001c00, run size=00003ea9 bytes, compression=zero_init


LINKER GENERATED HANDLER TABLE

__TI_handler_table @ 00006a2e records: 3, size/record: 4, table size: 12
	index: 0, handler: __TI_zero_init
	index: 1, handler: __TI_decompress_lzss
	index: 2, handler: __TI_decompress_none


GLOBAL SYMBOLS: SORTED ALPHABETICALLY BY Name 

address   name                                   
-------   ----                                   
00000700  ADC12CTL0                              
00000701  ADC12CTL0_H                            
00000700  ADC12CTL0_L                            
00000702  ADC12CTL1                              
00000703  ADC12CTL1_H                            
00000702  ADC12CTL1_L                            
00000704  ADC12CTL2                              
00000705  ADC12CTL2_H                            
00000704  ADC12CTL2_L                            
0000070c  ADC12IE                                
0000070d  ADC12IE_H                              
0000070c  ADC12IE_L                              
0000070a  ADC12IFG                               
0000070b  ADC12IFG_H                             
0000070a  ADC12IFG_L                             
0000070e  ADC12IV                                
0000070f  ADC12IV_H                              
0000070e  ADC12IV_L                              
00000710  ADC12MCTL0                             
00000711  ADC12MCTL1                             
0000071a  ADC12MCTL10                            
0000071b  ADC12MCTL11                            
0000071c  ADC12MCTL12                            
0000071d  ADC12MCTL13                            
0000071e  ADC12MCTL14                            
0000071f  ADC12MCTL15                            
00000712  ADC12MCTL2                             
00000713  ADC12MCTL3                             
00000714  ADC12MCTL4                             
00000715  ADC12MCTL5                             
00000716  ADC12MCTL6                             
00000717  ADC12MCTL7                             
00000718  ADC12MCTL8                             
00000719  ADC12MCTL9                             
00000720  ADC12MEM0                              
00000721  ADC12MEM0_H                            
00000720  ADC12MEM0_L                            
00000722  ADC12MEM1                              
00000734  ADC12MEM10                             
00000735  ADC12MEM10_H                           
00000734  ADC12MEM10_L                           
00000736  ADC12MEM11                             
00000737  ADC12MEM11_H                           
00000736  ADC12MEM11_L                           
00000738  ADC12MEM12                             
00000739  ADC12MEM12_H                           
00000738  ADC12MEM12_L                           
0000073a  ADC12MEM13                             
0000073b  ADC12MEM13_H                           
0000073a  ADC12MEM13_L                           
0000073c  ADC12MEM14                             
0000073d  ADC12MEM14_H                           
0000073c  ADC12MEM14_L                           
0000073e  ADC12MEM15                             
0000073f  ADC12MEM15_H                           
0000073e  ADC12MEM15_L                           
00000723  ADC12MEM1_H                            
00000722  ADC12MEM1_L                            
00000724  ADC12MEM2                              
00000725  ADC12MEM2_H                            
00000724  ADC12MEM2_L                            
00000726  ADC12MEM3                              
00000727  ADC12MEM3_H                            
00000726  ADC12MEM3_L                            
00000728  ADC12MEM4                              
00000729  ADC12MEM4_H                            
00000728  ADC12MEM4_L                            
0000072a  ADC12MEM5                              
0000072b  ADC12MEM5_H                            
0000072a  ADC12MEM5_L                            
0000072c  ADC12MEM6                              
0000072d  ADC12MEM6_H                            
0000072c  ADC12MEM6_L                            
0000072e  ADC12MEM7                              
0000072f  ADC12MEM7_H                            
0000072e  ADC12MEM7_L                            
00000730  ADC12MEM8                              
00000731  ADC12MEM8_H                            
00000730  ADC12MEM8_L                            
00000732  ADC12MEM9                              
00000733  ADC12MEM9_H                            
00000732  ADC12MEM9_L                            
000135c4  AdcConfig                              
00005c00  AdcDataReadyISR                        
00015a20  AdcGetDataFromBuffer                   
00018480  BistCalculateCrc16                     
00010bbc  BistVerifySystemIntegrity              
00018708  C$$EXIT                                
00017e4c  C$$IO$$                                
00000150  CRCDI                                  
00000152  CRCDIRB                                
00000153  CRCDIRB_H                              
00000152  CRCDIRB_L                              
00000151  CRCDI_H                                
00000150  CRCDI_L                                
00000154  CRCINIRES                              
00000155  CRCINIRES_H                            
00000154  CRCINIRES_L                            
00000156  CRCRESR                                
00000157  CRCRESR_H                              
00000156  CRCRESR_L                              
00014fc8  CommunicationSendDataFrame             
00000510  DMA0CTL                                
00000511  DMA0CTL_H                              
00000510  DMA0CTL_L                              
00000516  DMA0DA                                 
00000518  DMA0DAH                                
00000516  DMA0DAL                                
00000512  DMA0SA                                 
00000514  DMA0SAH                                
00000512  DMA0SAL                                
0000051a  DMA0SZ                                 
00000520  DMA1CTL                                
00000521  DMA1CTL_H                              
00000520  DMA1CTL_L                              
00000526  DMA1DA                                 
00000528  DMA1DAH                                
00000526  DMA1DAL                                
00000522  DMA1SA                                 
00000524  DMA1SAH                                
00000522  DMA1SAL                                
0000052a  DMA1SZ                                 
00000530  DMA2CTL                                
00000531  DMA2CTL_H                              
00000530  DMA2CTL_L                              
00000536  DMA2DA                                 
00000538  DMA2DAH                                
00000536  DMA2DAL                                
00000532  DMA2SA                                 
00000534  DMA2SAH                                
00000532  DMA2SAL                                
0000053a  DMA2SZ                                 
00000500  DMACTL0                                
00000501  DMACTL0_H                              
00000500  DMACTL0_L                              
00000502  DMACTL1                                
00000503  DMACTL1_H                              
00000502  DMACTL1_L                              
00000504  DMACTL2                                
00000505  DMACTL2_H                              
00000504  DMACTL2_L                              
00000506  DMACTL3                                
00000507  DMACTL3_H                              
00000506  DMACTL3_L                              
00000508  DMACTL4                                
00000509  DMACTL4_H                              
00000508  DMACTL4_L                              
0000050e  DMAIV                                  
0000050f  DMAIV_H                                
0000050e  DMAIV_L                                
00017dac  EepromRead                             
00000140  FCTL1                                  
00000141  FCTL1_H                                
00000140  FCTL1_L                                
00000144  FCTL3                                  
00000145  FCTL3_H                                
00000144  FCTL3_L                                
00000146  FCTL4                                  
00000147  FCTL4_H                                
00000146  FCTL4_L                                
00014a40  FormatRawData                          
00016438  GPIO_clearInterrupt                    
000166a4  GPIO_enableInterrupt                   
000156b0  GPIO_getInputPinValue                  
000161f0  GPIO_selectInterruptEdge               
000165b4  GPIO_setAsInputPinWithPullUpResistor   
00016e4c  GPIO_setAsOutputPin                    
00016c68  GPIO_setAsPeripheralInputPin           
00016d30  GPIO_setAsPeripheralOutputPin          
00017528  GPIO_setOutputHighOnPin                
000177b4  GPIO_setOutputLowOnPin                 
00017714  HOSTclose                              
000160ba  HOSTlseek                              
00016a46  HOSTopen                               
00016b94  HOSTread                               
00016790  HOSTrename                             
00017928  HOSTunlink                             
00016b28  HOSTwrite                              
0001757c  InitAdc                                
00016154  InitClocks                             
000184a0  InitEeprom                             
0001662c  InitGpio                               
0001700c  InitSensorConfig                       
0001834c  InitSpi                                
00018624  InitTimer                              
00017674  InitUart                               
000004c4  MAC                                    
000004da  MAC32H                                 
000004db  MAC32H_H                               
000004da  MAC32H_L                               
000004d8  MAC32L                                 
000004d9  MAC32L_H                               
000004d8  MAC32L_L                               
000004c6  MACS                                   
000004de  MACS32H                                
000004df  MACS32H_H                              
000004de  MACS32H_L                              
000004dc  MACS32L                                
000004dd  MACS32L_H                              
000004dc  MACS32L_L                              
000004c7  MACS_H                                 
000004c6  MACS_L                                 
000004c5  MAC_H                                  
000004c4  MAC_L                                  
000004c0  MPY                                    
000004ec  MPY32CTL0                              
000004ed  MPY32CTL0_H                            
000004ec  MPY32CTL0_L                            
000004d2  MPY32H                                 
000004d3  MPY32H_H                               
000004d2  MPY32H_L                               
000004d0  MPY32L                                 
000004d1  MPY32L_H                               
000004d0  MPY32L_L                               
000004c2  MPYS                                   
000004d6  MPYS32H                                
000004d7  MPYS32H_H                              
000004d6  MPYS32H_L                              
000004d4  MPYS32L                                
000004d5  MPYS32L_H                              
000004d4  MPYS32L_L                              
000004c3  MPYS_H                                 
000004c2  MPYS_L                                 
000004c1  MPY_H                                  
000004c0  MPY_L                                  
000004c8  OP2                                    
000004e2  OP2H                                   
000004e3  OP2H_H                                 
000004e2  OP2H_L                                 
000004e0  OP2L                                   
000004e1  OP2L_H                                 
000004e0  OP2L_L                                 
000004c9  OP2_H                                  
000004c8  OP2_L                                  
0000020e  P1IV                                   
0000021e  P2IV                                   
00000204  PADIR                                  
00000205  PADIR_H                                
00000204  PADIR_L                                
00000208  PADS                                   
00000209  PADS_H                                 
00000208  PADS_L                                 
0000021a  PAIE                                   
00000218  PAIES                                  
00000219  PAIES_H                                
00000218  PAIES_L                                
0000021b  PAIE_H                                 
0000021a  PAIE_L                                 
0000021c  PAIFG                                  
0000021d  PAIFG_H                                
0000021c  PAIFG_L                                
00000200  PAIN                                   
00000201  PAIN_H                                 
00000200  PAIN_L                                 
00000202  PAOUT                                  
00000203  PAOUT_H                                
00000202  PAOUT_L                                
00000206  PAREN                                  
00000207  PAREN_H                                
00000206  PAREN_L                                
0000020a  PASEL                                  
0000020b  PASEL_H                                
0000020a  PASEL_L                                
00000224  PBDIR                                  
00000225  PBDIR_H                                
00000224  PBDIR_L                                
00000228  PBDS                                   
00000229  PBDS_H                                 
00000228  PBDS_L                                 
00000220  PBIN                                   
00000221  PBIN_H                                 
00000220  PBIN_L                                 
00000222  PBOUT                                  
00000223  PBOUT_H                                
00000222  PBOUT_L                                
00000226  PBREN                                  
00000227  PBREN_H                                
00000226  PBREN_L                                
0000022a  PBSEL                                  
0000022b  PBSEL_H                                
0000022a  PBSEL_L                                
00000244  PCDIR                                  
00000245  PCDIR_H                                
00000244  PCDIR_L                                
00000248  PCDS                                   
00000249  PCDS_H                                 
00000248  PCDS_L                                 
00000240  PCIN                                   
00000241  PCIN_H                                 
00000240  PCIN_L                                 
00000242  PCOUT                                  
00000243  PCOUT_H                                
00000242  PCOUT_L                                
00000246  PCREN                                  
00000247  PCREN_H                                
00000246  PCREN_L                                
0000024a  PCSEL                                  
0000024b  PCSEL_H                                
0000024a  PCSEL_L                                
00000264  PDDIR                                  
00000265  PDDIR_H                                
00000264  PDDIR_L                                
00000268  PDDS                                   
00000269  PDDS_H                                 
00000268  PDDS_L                                 
00000260  PDIN                                   
00000261  PDIN_H                                 
00000260  PDIN_L                                 
00000262  PDOUT                                  
00000263  PDOUT_H                                
00000262  PDOUT_L                                
00000266  PDREN                                  
00000267  PDREN_H                                
00000266  PDREN_L                                
0000026a  PDSEL                                  
0000026b  PDSEL_H                                
0000026a  PDSEL_L                                
00000284  PEDIR                                  
00000285  PEDIR_H                                
00000284  PEDIR_L                                
00000288  PEDS                                   
00000289  PEDS_H                                 
00000288  PEDS_L                                 
00000280  PEIN                                   
00000281  PEIN_H                                 
00000280  PEIN_L                                 
00000282  PEOUT                                  
00000283  PEOUT_H                                
00000282  PEOUT_L                                
00000286  PEREN                                  
00000287  PEREN_H                                
00000286  PEREN_L                                
0000028a  PESEL                                  
0000028b  PESEL_H                                
0000028a  PESEL_L                                
000002a4  PFDIR                                  
000002a5  PFDIR_H                                
000002a4  PFDIR_L                                
000002a8  PFDS                                   
000002a9  PFDS_H                                 
000002a8  PFDS_L                                 
000002a0  PFIN                                   
000002a1  PFIN_H                                 
000002a0  PFIN_L                                 
000002a2  PFOUT                                  
000002a3  PFOUT_H                                
000002a2  PFOUT_L                                
000002a6  PFREN                                  
000002a7  PFREN_H                                
000002a6  PFREN_L                                
000002aa  PFSEL                                  
000002ab  PFSEL_H                                
000002aa  PFSEL_L                                
00000324  PJDIR                                  
00000325  PJDIR_H                                
00000324  PJDIR_L                                
00000328  PJDS                                   
00000329  PJDS_H                                 
00000328  PJDS_L                                 
00000320  PJIN                                   
00000321  PJIN_H                                 
00000320  PJIN_L                                 
00000322  PJOUT                                  
00000323  PJOUT_H                                
00000322  PJOUT_L                                
00000326  PJREN                                  
00000327  PJREN_H                                
00000326  PJREN_L                                
00000130  PM5CTL0                                
00000131  PM5CTL0_H                              
00000130  PM5CTL0_L                              
00000120  PMMCTL0                                
00000121  PMMCTL0_H                              
00000120  PMMCTL0_L                              
00000122  PMMCTL1                                
00000123  PMMCTL1_H                              
00000122  PMMCTL1_L                              
0000012c  PMMIFG                                 
0000012d  PMMIFG_H                               
0000012c  PMMIFG_L                               
0000012e  PMMRIE                                 
0000012f  PMMRIE_H                               
0000012e  PMMRIE_L                               
000129f4  PMM_setVCore                           
000002d0  QQQfcn_ptr_num                         
000002be  QQQfirstmcdc                           
000002bc  QQQindicator                           
00000158  RCCTL0                                 
00000159  RCCTL0_H                               
00000158  RCCTL0_L                               
000001b0  REFCTL0                                
000001b1  REFCTL0_H                              
000001b0  REFCTL0_L                              
000004e4  RES0                                   
000004e5  RES0_H                                 
000004e4  RES0_L                                 
000004e6  RES1                                   
000004e7  RES1_H                                 
000004e6  RES1_L                                 
000004e8  RES2                                   
000004e9  RES2_H                                 
000004e8  RES2_L                                 
000004ea  RES3                                   
000004eb  RES3_H                                 
000004ea  RES3_L                                 
000004cc  RESHI                                  
000004cd  RESHI_H                                
000004cc  RESHI_L                                
000004ca  RESLO                                  
000004cb  RESLO_H                                
000004ca  RESLO_L                                
000004ba  RTCADOWDAY                             
000004bb  RTCADOWDAY_H                           
000004ba  RTCADOWDAY_L                           
000004b8  RTCAMINHR                              
000004b9  RTCAMINHR_H                            
000004b8  RTCAMINHR_L                            
000004a0  RTCCTL01                               
000004a1  RTCCTL01_H                             
000004a0  RTCCTL01_L                             
000004a2  RTCCTL23                               
000004a3  RTCCTL23_H                             
000004a2  RTCCTL23_L                             
000004b4  RTCDATE                                
000004b5  RTCDATE_H                              
000004b4  RTCDATE_L                              
000004ae  RTCIV                                  
000004ac  RTCPS                                  
000004a8  RTCPS0CTL                              
000004a9  RTCPS0CTL_H                            
000004a8  RTCPS0CTL_L                            
000004aa  RTCPS1CTL                              
000004ab  RTCPS1CTL_H                            
000004aa  RTCPS1CTL_L                            
000004ad  RTCPS_H                                
000004ac  RTCPS_L                                
000004b0  RTCTIM0                                
000004b1  RTCTIM0_H                              
000004b0  RTCTIM0_L                              
000004b2  RTCTIM1                                
000004b3  RTCTIM1_H                              
000004b2  RTCTIM1_L                              
000004b6  RTCYEAR                                
000004b7  RTCYEAR_H                              
000004b6  RTCYEAR_L                              
00000100  SFRIE1                                 
00000101  SFRIE1_H                               
00000100  SFRIE1_L                               
00000102  SFRIFG1                                
00000103  SFRIFG1_H                              
00000102  SFRIFG1_L                              
00000104  SFRRPCR                                
00000105  SFRRPCR_H                              
00000104  SFRRPCR_L                              
000004ce  SUMEXT                                 
000004cf  SUMEXT_H                               
000004ce  SUMEXT_L                               
00000124  SVSMHCTL                               
00000125  SVSMHCTL_H                             
00000124  SVSMHCTL_L                             
00000128  SVSMIO                                 
00000129  SVSMIO_H                               
00000128  SVSMIO_L                               
00000126  SVSMLCTL                               
00000127  SVSMLCTL_H                             
00000126  SVSMLCTL_L                             
00000198  SYSBERRIV                              
00000199  SYSBERRIV_H                            
00000198  SYSBERRIV_L                            
00000182  SYSBSLC                                
00000183  SYSBSLC_H                              
00000182  SYSBSLC_L                              
00000180  SYSCTL                                 
00000181  SYSCTL_H                               
00000180  SYSCTL_L                               
00000186  SYSJMBC                                
00000187  SYSJMBC_H                              
00000186  SYSJMBC_L                              
00000188  SYSJMBI0                               
00000189  SYSJMBI0_H                             
00000188  SYSJMBI0_L                             
0000018a  SYSJMBI1                               
0000018b  SYSJMBI1_H                             
0000018a  SYSJMBI1_L                             
0000018c  SYSJMBO0                               
0000018d  SYSJMBO0_H                             
0000018c  SYSJMBO0_L                             
0000018e  SYSJMBO1                               
0000018f  SYSJMBO1_H                             
0000018e  SYSJMBO1_L                             
0000019e  SYSRSTIV                               
0000019f  SYSRSTIV_H                             
0000019e  SYSRSTIV_L                             
0000019c  SYSSNIV                                
0000019d  SYSSNIV_H                              
0000019c  SYSSNIV_L                              
0000019a  SYSUNIV                                
0000019b  SYSUNIV_H                              
0000019a  SYSUNIV_L                              
00014560  SpiConfigureMaster                     
0001742c  SpiConfigureSlaveSelect                
000153d8  SpiTransferBlock                       
00000352  TA0CCR0                                
00000354  TA0CCR1                                
00000356  TA0CCR2                                
00000358  TA0CCR3                                
0000035a  TA0CCR4                                
00000342  TA0CCTL0                               
00000344  TA0CCTL1                               
00000346  TA0CCTL2                               
00000348  TA0CCTL3                               
0000034a  TA0CCTL4                               
00000340  TA0CTL                                 
00000360  TA0EX0                                 
0000036e  TA0IV                                  
00000350  TA0R                                   
00000392  TA1CCR0                                
00000394  TA1CCR1                                
00000396  TA1CCR2                                
00000382  TA1CCTL0                               
00000384  TA1CCTL1                               
00000386  TA1CCTL2                               
00000380  TA1CTL                                 
000003a0  TA1EX0                                 
000003ae  TA1IV                                  
00000390  TA1R                                   
000003d2  TB0CCR0                                
000003d4  TB0CCR1                                
000003d6  TB0CCR2                                
000003d8  TB0CCR3                                
000003da  TB0CCR4                                
000003dc  TB0CCR5                                
000003de  TB0CCR6                                
000003c2  TB0CCTL0                               
000003c4  TB0CCTL1                               
000003c6  TB0CCTL2                               
000003c8  TB0CCTL3                               
000003ca  TB0CCTL4                               
000003cc  TB0CCTL5                               
000003ce  TB0CCTL6                               
000003c0  TB0CTL                                 
000003e0  TB0EX0                                 
000003ee  TB0IV                                  
000003d0  TB0R                                   
00005db4  TIMERA0_ISR                            
00017764  TimerInit                              
000181ec  TimerReset                             
000152e0  TimerWait                              
00017b80  Timer_A_clearTimerInterrupt            
0001594c  Timer_A_initUpMode                     
000179f8  Timer_A_startCounter                   
00017ac0  Timer_A_stop                           
000005d0  UCA0ABCTL                              
000005c6  UCA0BRW                                
000005c7  UCA0BRW_H                              
000005c6  UCA0BRW_L                              
000005c0  UCA0CTLW0                              
000005c1  UCA0CTLW0_H                            
000005c0  UCA0CTLW0_L                            
000005dc  UCA0ICTL                               
000005dd  UCA0ICTL_H                             
000005dc  UCA0ICTL_L                             
000005d2  UCA0IRCTL                              
000005d3  UCA0IRCTL_H                            
000005d2  UCA0IRCTL_L                            
000005de  UCA0IV                                 
000005c8  UCA0MCTL                               
000005cc  UCA0RXBUF                              
000005ca  UCA0STAT                               
000005ce  UCA0TXBUF                              
00000610  UCA1ABCTL                              
00000606  UCA1BRW                                
00000607  UCA1BRW_H                              
00000606  UCA1BRW_L                              
00000600  UCA1CTLW0                              
00000601  UCA1CTLW0_H                            
00000600  UCA1CTLW0_L                            
0000061c  UCA1ICTL                               
0000061d  UCA1ICTL_H                             
0000061c  UCA1ICTL_L                             
00000612  UCA1IRCTL                              
00000613  UCA1IRCTL_H                            
00000612  UCA1IRCTL_L                            
0000061e  UCA1IV                                 
00000608  UCA1MCTL                               
0000060c  UCA1RXBUF                              
0000060a  UCA1STAT                               
0000060e  UCA1TXBUF                              
00000650  UCA2ABCTL                              
00000646  UCA2BRW                                
00000647  UCA2BRW_H                              
00000646  UCA2BRW_L                              
00000640  UCA2CTLW0                              
00000641  UCA2CTLW0_H                            
00000640  UCA2CTLW0_L                            
0000065c  UCA2ICTL                               
0000065d  UCA2ICTL_H                             
0000065c  UCA2ICTL_L                             
00000652  UCA2IRCTL                              
00000653  UCA2IRCTL_H                            
00000652  UCA2IRCTL_L                            
0000065e  UCA2IV                                 
00000648  UCA2MCTL                               
0000064c  UCA2RXBUF                              
0000064a  UCA2STAT                               
0000064e  UCA2TXBUF                              
00000690  UCA3ABCTL                              
00000686  UCA3BRW                                
00000687  UCA3BRW_H                              
00000686  UCA3BRW_L                              
00000680  UCA3CTLW0                              
00000681  UCA3CTLW0_H                            
00000680  UCA3CTLW0_L                            
0000069c  UCA3ICTL                               
0000069d  UCA3ICTL_H                             
0000069c  UCA3ICTL_L                             
00000692  UCA3IRCTL                              
00000693  UCA3IRCTL_H                            
00000692  UCA3IRCTL_L                            
0000069e  UCA3IV                                 
00000688  UCA3MCTL                               
0000068c  UCA3RXBUF                              
0000068a  UCA3STAT                               
0000068e  UCA3TXBUF                              
000005e6  UCB0BRW                                
000005e7  UCB0BRW_H                              
000005e6  UCB0BRW_L                              
000005e0  UCB0CTLW0                              
000005e1  UCB0CTLW0_H                            
000005e0  UCB0CTLW0_L                            
000005f0  UCB0I2COA                              
000005f1  UCB0I2COA_H                            
000005f0  UCB0I2COA_L                            
000005f2  UCB0I2CSA                              
000005f3  UCB0I2CSA_H                            
000005f2  UCB0I2CSA_L                            
000005fc  UCB0ICTL                               
000005fd  UCB0ICTL_H                             
000005fc  UCB0ICTL_L                             
000005fe  UCB0IV                                 
000005ec  UCB0RXBUF                              
000005ea  UCB0STAT                               
000005ee  UCB0TXBUF                              
00000626  UCB1BRW                                
00000627  UCB1BRW_H                              
00000626  UCB1BRW_L                              
00000620  UCB1CTLW0                              
00000621  UCB1CTLW0_H                            
00000620  UCB1CTLW0_L                            
00000630  UCB1I2COA                              
00000631  UCB1I2COA_H                            
00000630  UCB1I2COA_L                            
00000632  UCB1I2CSA                              
00000633  UCB1I2CSA_H                            
00000632  UCB1I2CSA_L                            
0000063c  UCB1ICTL                               
0000063d  UCB1ICTL_H                             
0000063c  UCB1ICTL_L                             
0000063e  UCB1IV                                 
0000062c  UCB1RXBUF                              
0000062a  UCB1STAT                               
0000062e  UCB1TXBUF                              
00000666  UCB2BRW                                
00000667  UCB2BRW_H                              
00000666  UCB2BRW_L                              
00000660  UCB2CTLW0                              
00000661  UCB2CTLW0_H                            
00000660  UCB2CTLW0_L                            
00000670  UCB2I2COA                              
00000671  UCB2I2COA_H                            
00000670  UCB2I2COA_L                            
00000672  UCB2I2CSA                              
00000673  UCB2I2CSA_H                            
00000672  UCB2I2CSA_L                            
0000067c  UCB2ICTL                               
0000067d  UCB2ICTL_H                             
0000067c  UCB2ICTL_L                             
0000067e  UCB2IV                                 
0000066c  UCB2RXBUF                              
0000066a  UCB2STAT                               
0000066e  UCB2TXBUF                              
000006a6  UCB3BRW                                
000006a7  UCB3BRW_H                              
000006a6  UCB3BRW_L                              
000006a0  UCB3CTLW0                              
000006a1  UCB3CTLW0_H                            
000006a0  UCB3CTLW0_L                            
000006b0  UCB3I2COA                              
000006b1  UCB3I2COA_H                            
000006b0  UCB3I2COA_L                            
000006b2  UCB3I2CSA                              
000006b3  UCB3I2CSA_H                            
000006b2  UCB3I2CSA_L                            
000006bc  UCB3ICTL                               
000006bd  UCB3ICTL_H                             
000006bc  UCB3ICTL_L                             
000006be  UCB3IV                                 
000006ac  UCB3RXBUF                              
000006aa  UCB3STAT                               
000006ae  UCB3TXBUF                              
00000160  UCSCTL0                                
00000161  UCSCTL0_H                              
00000160  UCSCTL0_L                              
00000162  UCSCTL1                                
00000163  UCSCTL1_H                              
00000162  UCSCTL1_L                              
00000164  UCSCTL2                                
00000165  UCSCTL2_H                              
00000164  UCSCTL2_L                              
00000166  UCSCTL3                                
00000167  UCSCTL3_H                              
00000166  UCSCTL3_L                              
00000168  UCSCTL4                                
[...]
000005ea  UCB0STAT                               
000005ec  UCB0RXBUF                              
000005ee  UCB0TXBUF                              
000005f0  UCB0I2COA                              
000005f0  UCB0I2COA_L                            
000005f1  UCB0I2COA_H                            
000005f2  UCB0I2CSA                              
000005f2  UCB0I2CSA_L                            
000005f3  UCB0I2CSA_H                            
000005fc  UCB0ICTL                               
000005fc  UCB0ICTL_L                             
000005fd  UCB0ICTL_H                             
000005fe  UCB0IV                                 
00000600  UCA1CTLW0                              
00000600  UCA1CTLW0_L                            
00000601  UCA1CTLW0_H                            
00000606  UCA1BRW                                
00000606  UCA1BRW_L                              
00000607  UCA1BRW_H                              
00000608  UCA1MCTL                               
0000060a  UCA1STAT                               
0000060c  UCA1RXBUF                              
0000060e  UCA1TXBUF                              
00000610  UCA1ABCTL                              
00000612  UCA1IRCTL                              
00000612  UCA1IRCTL_L                            
00000613  UCA1IRCTL_H                            
0000061c  UCA1ICTL                               
0000061c  UCA1ICTL_L                             
0000061d  UCA1ICTL_H                             
0000061e  UCA1IV                                 
00000620  UCB1CTLW0                              
00000620  UCB1CTLW0_L                            
00000621  UCB1CTLW0_H                            
00000626  UCB1BRW                                
00000626  UCB1BRW_L                              
00000627  UCB1BRW_H                              
0000062a  UCB1STAT                               
0000062c  UCB1RXBUF                              
0000062e  UCB1TXBUF                              
00000630  UCB1I2COA                              
00000630  UCB1I2COA_L                            
00000631  UCB1I2COA_H                            
00000632  UCB1I2CSA                              
00000632  UCB1I2CSA_L                            
00000633  UCB1I2CSA_H                            
0000063c  UCB1ICTL                               
0000063c  UCB1ICTL_L                             
0000063d  UCB1ICTL_H                             
0000063e  UCB1IV                                 
00000640  UCA2CTLW0                              
00000640  UCA2CTLW0_L                            
00000641  UCA2CTLW0_H                            
00000646  UCA2BRW                                
00000646  UCA2BRW_L                              
00000647  UCA2BRW_H                              
00000648  UCA2MCTL                               
0000064a  UCA2STAT                               
0000064c  UCA2RXBUF                              
0000064e  UCA2TXBUF                              
00000650  UCA2ABCTL                              
00000652  UCA2IRCTL                              
00000652  UCA2IRCTL_L                            
00000653  UCA2IRCTL_H                            
0000065c  UCA2ICTL                               
0000065c  UCA2ICTL_L                             
0000065d  UCA2ICTL_H                             
0000065e  UCA2IV                                 
00000660  UCB2CTLW0                              
00000660  UCB2CTLW0_L                            
00000661  UCB2CTLW0_H                            
00000666  UCB2BRW                                
00000666  UCB2BRW_L                              
00000667  UCB2BRW_H                              
0000066a  UCB2STAT                               
0000066c  UCB2RXBUF                              
0000066e  UCB2TXBUF                              
00000670  UCB2I2COA                              
00000670  UCB2I2COA_L                            
00000671  UCB2I2COA_H                            
00000672  UCB2I2CSA                              
00000672  UCB2I2CSA_L                            
00000673  UCB2I2CSA_H                            
0000067c  UCB2ICTL                               
0000067c  UCB2ICTL_L                             
0000067d  UCB2ICTL_H                             
0000067e  UCB2IV                                 
00000680  UCA3CTLW0                              
00000680  UCA3CTLW0_L                            
00000681  UCA3CTLW0_H                            
00000686  UCA3BRW                                
00000686  UCA3BRW_L                              
00000687  UCA3BRW_H                              
00000688  UCA3MCTL                               
0000068a  UCA3STAT                               
0000068c  UCA3RXBUF                              
0000068e  UCA3TXBUF                              
00000690  UCA3ABCTL                              
00000692  UCA3IRCTL                              
00000692  UCA3IRCTL_L                            
00000693  UCA3IRCTL_H                            
0000069c  UCA3ICTL                               
0000069c  UCA3ICTL_L                             
0000069d  UCA3ICTL_H                             
0000069e  UCA3IV                                 
000006a0  UCB3CTLW0                              
000006a0  UCB3CTLW0_L                            
000006a1  UCB3CTLW0_H                            
000006a6  UCB3BRW                                
000006a6  UCB3BRW_L                              
000006a7  UCB3BRW_H                              
000006aa  UCB3STAT                               
000006ac  UCB3RXBUF                              
000006ae  UCB3TXBUF                              
000006b0  UCB3I2COA                              
000006b0  UCB3I2COA_L                            
000006b1  UCB3I2COA_H                            
000006b2  UCB3I2CSA                              
000006b2  UCB3I2CSA_L                            
000006b3  UCB3I2CSA_H                            
000006bc  UCB3ICTL                               
000006bc  UCB3ICTL_L                             
000006bd  UCB3ICTL_H                             
000006be  UCB3IV                                 
00000700  ADC12CTL0                              
00000700  ADC12CTL0_L                            
00000701  ADC12CTL0_H                            
00000702  ADC12CTL1                              
00000702  ADC12CTL1_L                            
00000703  ADC12CTL1_H                            
00000704  ADC12CTL2                              
00000704  ADC12CTL2_L                            
00000705  ADC12CTL2_H                            
0000070a  ADC12IFG                               
0000070a  ADC12IFG_L                             
0000070b  ADC12IFG_H                             
0000070c  ADC12IE                                
0000070c  ADC12IE_L                              
0000070d  ADC12IE_H                              
0000070e  ADC12IV                                
0000070e  ADC12IV_L                              
0000070f  ADC12IV_H                              
00000710  ADC12MCTL0                             
00000711  ADC12MCTL1                             
00000712  ADC12MCTL2                             
00000713  ADC12MCTL3                             
00000714  ADC12MCTL4                             
00000715  ADC12MCTL5                             
00000716  ADC12MCTL6                             
00000717  ADC12MCTL7                             
00000718  ADC12MCTL8                             
00000719  ADC12MCTL9                             
0000071a  ADC12MCTL10                            
0000071b  ADC12MCTL11                            
0000071c  ADC12MCTL12                            
0000071d  ADC12MCTL13                            
0000071e  ADC12MCTL14                            
0000071f  ADC12MCTL15                            
00000720  ADC12MEM0                              
00000720  ADC12MEM0_L                            
00000721  ADC12MEM0_H                            
00000722  ADC12MEM1                              
00000722  ADC12MEM1_L                            
00000723  ADC12MEM1_H                            
00000724  ADC12MEM2                              
00000724  ADC12MEM2_L                            
00000725  ADC12MEM2_H                            
00000726  ADC12MEM3                              
00000726  ADC12MEM3_L                            
00000727  ADC12MEM3_H                            
00000728  ADC12MEM4                              
00000728  ADC12MEM4_L                            
00000729  ADC12MEM4_H                            
0000072a  ADC12MEM5                              
0000072a  ADC12MEM5_L                            
0000072b  ADC12MEM5_H                            
0000072c  ADC12MEM6                              
0000072c  ADC12MEM6_L                            
0000072d  ADC12MEM6_H                            
0000072e  ADC12MEM7                              
0000072e  ADC12MEM7_L                            
0000072f  ADC12MEM7_H                            
00000730  ADC12MEM8                              
00000730  ADC12MEM8_L                            
00000731  ADC12MEM8_H                            
00000732  ADC12MEM9                              
00000732  ADC12MEM9_L                            
00000733  ADC12MEM9_H                            
00000734  ADC12MEM10                             
00000734  ADC12MEM10_L                           
00000735  ADC12MEM10_H                           
00000736  ADC12MEM11                             
00000736  ADC12MEM11_L                           
00000737  ADC12MEM11_H                           
00000738  ADC12MEM12                             
00000738  ADC12MEM12_L                           
00000739  ADC12MEM12_H                           
0000073a  ADC12MEM13                             
0000073a  ADC12MEM13_L                           
0000073b  ADC12MEM13_H                           
0000073c  ADC12MEM14                             
0000073c  ADC12MEM14_L                           
0000073d  ADC12MEM14_H                           
0000073e  ADC12MEM15                             
0000073e  ADC12MEM15_L                           
0000073f  ADC12MEM15_H                           
00001c00  eepromConfigData                       
00003966  eepromLutData                          
00005682  __TI_tmpnams                           
00005722  qqqaccumreset                          
0000577e  qqqaccumupload                         
000057da  ldra_buffer                            
00005a98  parmbuf                                
00005aa0  switchData                             
00005aa4  timerCount                             
00005aa8  gBistStatus                            
00005aaa  _CIOBUF_                               
00005c00  AdcDataReadyISR                        
00005db4  TIMERA0_ISR                            
00005e3c  USCI_A0_IRQ                            
00005eba  _c_int00_noargs                        
00005ed6  __TI_ISR_TRAP                          
00006a2e  __TI_Handler_Table_Base                
00006a3a  __TI_Handler_Table_Limit               
00006a4e  __TI_CINIT_Base                        
00006a6e  __TI_CINIT_Limit                       
0000ffd2  __TI_int41                             
0000ffd4  __TI_int42                             
0000ffd6  __TI_int43                             
0000ffd8  __TI_int44                             
0000ffda  __TI_int45                             
0000ffdc  __TI_int46                             
0000ffde  __TI_int47                             
0000ffe0  __TI_int48                             
0000ffe2  __TI_int49                             
0000ffe4  __TI_int50                             
0000ffe6  __TI_int51                             
0000ffe8  __TI_int52                             
0000ffea  __TI_int53                             
0000ffec  __TI_int54                             
0000ffee  __TI_int55                             
0000fff0  __TI_int56                             
0000fff2  __TI_int57                             
0000fff4  __TI_int58                             
0000fff6  __TI_int59                             
0000fff8  __TI_int60                             
0000fffa  __TI_int61                             
0000fffc  __TI_int62                             
0000fffe  _reset_vector                          
00010000  UTIL_Num32sToStr                       
0001069c  UCS_clearAllOscFlagsWithTimeout        
00010bbc  BistVerifySystemIntegrity              
000110c6  _nop                                   
00011532  _system_post_cinit                     
0001197c  UCS_getSMCLK                           
0001208c  UCS_initFLLSettle                      
000129f4  PMM_setVCore                           
000135c4  AdcConfig                              
00013e3c  UCS_initClockSignal                    
00014560  SpiConfigureMaster                     
000148ac  UCS_bypassXT1                          
00014a40  FormatRawData                          
00014d14  USCI_A_UART_init                       
00014fc8  CommunicationSendDataFrame             
000150d8  UTIL_memcpy                            
000151e0  USCI_A_UART_transmitData               
000152e0  TimerWait                              
000153d8  SpiTransferBlock                       
000154d0  UTIL_strcatNum16Hex                    
000155c0  fputs                                  
000156b0  GPIO_getInputPinValue                  
0001586e  setvbuf                                
0001594c  Timer_A_initUpMode                     
00015a20  AdcGetDataFromBuffer                   
00015d40  malloc                                 
00015dfc  main                                   
00015f64  ldra_port_write                        
00016014  USCI_A_SPI_initMaster                  
000160ba  HOSTlseek                              
00016154  InitClocks                             
000161f0  GPIO_selectInterruptEdge               
0001631e  free                                   
000163ac  UTIL_memset                            
00016438  GPIO_clearInterrupt                    
000164ba  __TI_wrt_ok                            
00016538  ldra_port_close                        
000165b4  GPIO_setAsInputPinWithPullUpResistor   
0001662c  InitGpio                               
000166a4  GPIO_enableInterrupt                   
0001671a  __TI_decompress_lzss                   
00016790  HOSTrename                             
00016804  __TI_closefile                         
00016a46  HOSTopen                               
00016b28  HOSTwrite                              
00016b94  HOSTread                               
00016bfe  fseek                                  
00016c68  GPIO_setAsPeripheralInputPin           
00016ccc  __TI_doflush                           
00016d30  GPIO_setAsPeripheralOutputPin          
00016e4c  GPIO_setAsOutputPin                    
00016ea6  close                                  
00016f00  getdevice                              
00016f5a  fflush                                 
00016fb2  __mspabi_divul                         
00016fb2  __mspabi_remul                         
0001700c  InitSensorConfig                       
0001742c  SpiConfigureSlaveSelect                
00017480  USCI_A_UART_enableInterrupt            
000174d4  __TI_auto_init_nobinit_nopinit_hold_wdt
00017528  GPIO_setOutputHighOnPin                
0001757c  InitAdc                                
000175d0  UTIL_strcatNum32s                      
00017674  InitUart                               
000176c4  WDT_A_initWatchdogTimer                
00017714  HOSTclose                              
00017764  TimerInit                              
000177b4  GPIO_setOutputLowOnPin                 
0001784c  exit                                   
00017898  UCS_setExternalClockSource             
000178e0  USCI_A_UART_clearInterrupt             
00017928  HOSTunlink                             
00017970  USCI_A_SPI_getInterruptStatus          
000179f8  Timer_A_startCounter                   
00017a3c  USCI_A_SPI_isBusy                      
00017a7e  minit                                  
00017ac0  Timer_A_stop                           
00017b00  USCI_A_SPI_receiveData                 
00017b40  __mspabi_divli                         
00017b40  __mspabi_remli                         
00017b80  Timer_A_clearTimerInterrupt            
00017bc0  USCI_A_UART_enable                     
00017c00  WatchdogClear                          
00017c3e  __mspabi_slll_15                       
00017c42  __mspabi_slll_14                       
00017c46  __mspabi_slll_13                       
00017c4a  __mspabi_slll_12                       
00017c4e  __mspabi_slll_11                       
00017c52  __mspabi_slll_10                       
00017c56  __mspabi_slll_9                        
00017c5a  __mspabi_slll_8                        
00017c5e  __mspabi_slll_7                        
00017c62  __mspabi_slll_6                        
00017c66  __mspabi_slll_5                        
00017c6a  __mspabi_slll_4                        
00017c6e  __mspabi_slll_3                        
00017c72  __mspabi_slll_2                        
00017c76  __mspabi_slll_1                        
00017c7c  lseek                                  
00017d34  write                                  
00017d70  USCI_A_SPI_enable                      
00017dac  EepromRead                             
00017de4  __TI_cleanup                           
00017e1a  __TI_writemsg                          
00017e4c  C$$IO$$                                
00017e50  __TI_readmsg                           
00017eb8  ldra_sprintf4                          
00017f1e  strncpy                                
00017f50  remove                                 
00017f50  unlink                                 
00017fae  finddevice                             
0001803c  ldra_port_open                         
0001806c  ldra_sprintf3                          
000181ec  TimerReset                             
0001829c  __mspabi_divi                          
0001829c  __mspabi_remi                          
0001834c  InitSpi                                
00018374  ldra_sprintf1                          
0001839c  ldra_sprintf2                          
00018414  WDT_A_resetTimer                       
00018438  __TI_zero_init                         
00018480  BistCalculateCrc16                     
000184a0  InitEeprom                             
000184c0  USCI_A_SPI_transmitData                
000184dc  strchr                                 
000184f8  strcmp                                 
00018514  WatchdogStart                          
0001852e  _abort_msg                             
0001857e  __mspabi_mpyi_f5hw                     
000185e0  memchr                                 
000185f6  memset                                 
0001860c  __mspabi_divu                          
0001860c  __mspabi_remu                          
00018624  InitTimer                              
00018638  memcpy                                 
0001864c  qqpopulate_array_fcn_ptrQQ             
00018674  __TI_decompress_none                   
00018686  strcpy                                 
00018698  __mspabi_srll                          
000186e6  strlen                                 
000186f4  ldra_exit                              
000186fe  __mspabi_srli                          
00018708  C$$EXIT                                
00018708  abort                                  
00018710  ldra_disable_interrupts                
0001873e  _system_pre_init                       
ffffffff  __TI_pprof_out_hndl                    
ffffffff  __TI_prof_data_size                    
ffffffff  __TI_prof_data_start                   
ffffffff  __c_args__                             

[898 symbols]
